12:18:59 INFO ============================================================
12:18:59 INFO  ECO-REWIND: Step 6 — Ablation Study
12:18:59 INFO ============================================================
12:18:59 INFO   Experiments: ['full', 'no_sar', 'no_eco_loss', 'no_temp_loss', 'ndvi_only', 'single_eco']
12:18:59 INFO   Model:       convlstm
12:18:59 INFO   Epochs:      30
12:18:59 INFO 
============================================================
12:18:59 INFO  ABLATION: full
12:18:59 INFO  Full model: S2 + SAR + all losses
12:18:59 INFO ============================================================
12:19:00 INFO Active ecosystems for training: ['everglades', 'mississippi']
12:19:00 INFO Window mode: all | Balanced sampling: True
12:19:00 INFO Generated 21 sliding windows (mode=all, t_input=4, t_output=4, t_event=6, T=32)
12:19:00 INFO [everglades] Dataset: 1054 patches × 21 windows = 22134 samples | C=2 H=128 W=128
12:19:00 INFO [everglades] Train: 18814 | Val: 3320 samples
12:19:00 INFO Generated 21 sliding windows (mode=all, t_input=4, t_output=4, t_event=23, T=32)
12:19:00 INFO [mississippi] Dataset: 1085 patches × 21 windows = 22785 samples | C=2 H=128 W=128
12:19:00 INFO [mississippi] Train: 19368 | Val: 3417 samples
12:19:00 INFO WeightedRandomSampler enabled: everglades=18814 | mississippi=19368
12:19:00 INFO DataLoaders built: train=38182 samples (9545 batches) | val=6737 samples (1685 batches)
12:19:00 INFO Training on: cuda
12:19:00 INFO   GPU: NVIDIA RTX A4000
12:19:00 INFO   VRAM: 16.7 GB
wandb: [wandb.login()] Loaded credentials for https://api.wandb.ai from /home/CL502-17/.netrc.
wandb: Currently logged in as: kunalajgaonkar31682 (kunalajgaonkar31682-symbiosis-institute-of-technology) to https://api.wandb.ai. Use `wandb login --relogin` to force relogin
wandb: setting up run y4o0p448
wandb: Tracking run with wandb version 0.25.0
wandb: Run data is saved locally in /home/CL502-17/Desktop/Kunal_IDL_V1/wandb/run-20260317_121902-y4o0p448
wandb: Run `wandb offline` to turn off syncing.
wandb: Syncing run ablation_convlstm_full
wandb: ⭐️ View project at https://wandb.ai/kunalajgaonkar31682-symbiosis-institute-of-technology/eco-rewind
wandb: 🚀 View run at https://wandb.ai/kunalajgaonkar31682-symbiosis-institute-of-technology/eco-rewind/runs/y4o0p448
12:19:04 INFO W&B initialized: https://wandb.ai/kunalajgaonkar31682-symbiosis-institute-of-technology/eco-rewind/runs/y4o0p448
12:19:04 INFO Resuming from checkpoint: outputs/checkpoints/ablation_convlstm_full/epoch_030_val0.0256.pt
12:19:04 INFO Resumed at epoch 30, best val loss: 0.025607
12:19:04 INFO Compiling model with torch.compile() for faster training
12:19:05 INFO 
============================================================
  Training started
  Epochs:         31 → 30
  Train batches:  9545 per epoch
  Val batches:    1685 per epoch
============================================================
wandb: updating run metadata
wandb: uploading requirements.txt; uploading output.log; uploading wandb-summary.json; uploading config.yaml; uploading wandb-metadata.json
wandb: uploading summary, console lines 1-10
wandb: 🚀 View run ablation_convlstm_full at: https://wandb.ai/kunalajgaonkar31682-symbiosis-institute-of-technology/eco-rewind/runs/y4o0p448
wandb: ⭐️ View project at: https://wandb.ai/kunalajgaonkar31682-symbiosis-institute-of-technology/eco-rewind
wandb: Synced 5 W&B file(s), 0 media file(s), 0 artifact file(s) and 0 other file(s)
wandb: Find logs at: ./wandb/run-20260317_121902-y4o0p448/logs
12:19:07 INFO Training complete. Best val loss: 0.025607
12:19:07 INFO Best checkpoint: None
12:19:07 ERROR   [full] FAILED: Given groups=1, weight of size [256, 72, 3, 3], expected input[4, 66, 128, 128] to have 72 channels, but got 66 channels instead
12:19:07 ERROR Traceback (most recent call last):
  File "/home/CL502-17/Desktop/Kunal_IDL_V1/scripts/06_ablation.py", line 299, in main
    result = run_experiment(
  File "/home/CL502-17/Desktop/Kunal_IDL_V1/scripts/06_ablation.py", line 183, in run_experiment
    eval_metrics = evaluator.evaluate(val_loader)
  File "/home/CL502-17/Desktop/Kunal_IDL_V1/venv/lib/python3.10/site-packages/torch/utils/_contextlib.py", line 124, in decorate_context
    return func(*args, **kwargs)
  File "/home/CL502-17/Desktop/Kunal_IDL_V1/training/evaluator.py", line 70, in evaluate
    pred = self.model(inp)   # (B, T_out, C, H, W)
  File "/home/CL502-17/Desktop/Kunal_IDL_V1/venv/lib/python3.10/site-packages/torch/nn/modules/module.py", line 1776, in _wrapped_call_impl
    return self._call_impl(*args, **kwargs)
  File "/home/CL502-17/Desktop/Kunal_IDL_V1/venv/lib/python3.10/site-packages/torch/nn/modules/module.py", line 1787, in _call_impl
    return forward_call(*args, **kwargs)
  File "/home/CL502-17/Desktop/Kunal_IDL_V1/models/convlstm.py", line 233, in forward
    _, enc_states = self.encode(x)
  File "/home/CL502-17/Desktop/Kunal_IDL_V1/models/convlstm.py", line 191, in encode
    seq, (h, c) = layer(seq)
  File "/home/CL502-17/Desktop/Kunal_IDL_V1/venv/lib/python3.10/site-packages/torch/nn/modules/module.py", line 1776, in _wrapped_call_impl
    return self._call_impl(*args, **kwargs)
  File "/home/CL502-17/Desktop/Kunal_IDL_V1/venv/lib/python3.10/site-packages/torch/nn/modules/module.py", line 1787, in _call_impl
    return forward_call(*args, **kwargs)
  File "/home/CL502-17/Desktop/Kunal_IDL_V1/models/convlstm.py", line 118, in forward
    h, c = self.cell(x_seq[:, t], h, c)
  File "/home/CL502-17/Desktop/Kunal_IDL_V1/venv/lib/python3.10/site-packages/torch/nn/modules/module.py", line 1776, in _wrapped_call_impl
    return self._call_impl(*args, **kwargs)
  File "/home/CL502-17/Desktop/Kunal_IDL_V1/venv/lib/python3.10/site-packages/torch/nn/modules/module.py", line 1787, in _call_impl
    return forward_call(*args, **kwargs)
  File "/home/CL502-17/Desktop/Kunal_IDL_V1/models/convlstm.py", line 74, in forward
    gates = self.conv(combined)             # (B, 4*hidden, H, W)
  File "/home/CL502-17/Desktop/Kunal_IDL_V1/venv/lib/python3.10/site-packages/torch/nn/modules/module.py", line 1776, in _wrapped_call_impl
    return self._call_impl(*args, **kwargs)
  File "/home/CL502-17/Desktop/Kunal_IDL_V1/venv/lib/python3.10/site-packages/torch/nn/modules/module.py", line 1787, in _call_impl
    return forward_call(*args, **kwargs)
  File "/home/CL502-17/Desktop/Kunal_IDL_V1/venv/lib/python3.10/site-packages/torch/nn/modules/conv.py", line 553, in forward
    return self._conv_forward(input, self.weight, self.bias)
  File "/home/CL502-17/Desktop/Kunal_IDL_V1/venv/lib/python3.10/site-packages/torch/nn/modules/conv.py", line 548, in _conv_forward
    return F.conv2d(
RuntimeError: Given groups=1, weight of size [256, 72, 3, 3], expected input[4, 66, 128, 128] to have 72 channels, but got 66 channels instead

12:19:07 INFO 
============================================================
12:19:07 INFO  ABLATION: no_sar
12:19:07 INFO  w/o SAR_VV band (6 bands only)
12:19:07 INFO ============================================================
12:19:08 INFO Fitting normalizer on t=0..5 (6 pre-disturbance quarters)
12:19:08 INFO         Blue [minmax]  min=0.0000  max=7984.0000  mean=302.7018  std=239.9195
12:19:08 INFO        Green [minmax]  min=0.0000  max=7552.0000  mean=561.4307  std=279.3844
12:19:09 INFO          Red [minmax]  min=0.0000  max=7320.0000  mean=570.3628  std=319.2935
12:19:09 INFO          NIR [minmax]  min=0.0000  max=8000.0000  mean=1836.5759  std=689.6039
12:19:09 INFO         NDVI [ shift]  min=-1.0000  max=1.0000  mean=0.4973  std=0.2728
12:19:09 INFO         NDWI [ shift]  min=-1.0000  max=1.0000  mean=-0.5107  std=0.2307
12:19:19 INFO [everglades] Sampling patches: 31×34 = 1054 candidates
12:19:24 INFO [everglades] Accepted: 1054 patches | Rejected: 0 (NaN > 85%)
12:19:55 INFO [everglades] Saved 1054 patches → processed/everglades/patches/patches.npy
  Shape: (1054, 32, 7, 128, 128)
  Size:  15.47 GB
12:20:27 INFO Fitting normalizer on t=0..22 (23 pre-disturbance quarters)
12:20:27 INFO         Blue [minmax]  min=0.0000  max=5292.0000  mean=318.8866  std=109.5313
12:20:28 INFO        Green [minmax]  min=0.0000  max=5188.0000  mean=423.0479  std=131.3538
12:20:28 INFO          Red [minmax]  min=0.0000  max=4976.0000  mean=415.1066  std=147.9503
12:20:29 INFO          NIR [minmax]  min=0.0000  max=6904.0000  mean=722.1477  std=750.1065
12:20:30 INFO         NDVI [ shift]  min=-1.0000  max=0.9645  mean=-0.0144  std=0.4277
12:20:30 INFO         NDWI [ shift]  min=-0.8861  max=1.0000  mean=0.0277  std=0.4486
12:20:44 INFO [mississippi] Sampling patches: 31×35 = 1085 candidates
12:20:50 INFO [mississippi] Accepted: 1085 patches | Rejected: 0 (NaN > 85%)
12:21:24 INFO [mississippi] Saved 1085 patches → processed/mississippi/patches/patches.npy
  Shape: (1085, 32, 7, 128, 128)
  Size:  15.93 GB
12:21:49 INFO Active ecosystems for training: ['everglades', 'mississippi']
12:21:49 INFO Window mode: all | Balanced sampling: True
12:21:49 INFO Generated 21 sliding windows (mode=all, t_input=4, t_output=4, t_event=6, T=32)
12:21:49 INFO [everglades] Dataset: 1054 patches × 21 windows = 22134 samples | C=7 H=128 W=128
12:21:49 INFO [everglades] Train: 18814 | Val: 3320 samples
12:21:49 INFO Generated 21 sliding windows (mode=all, t_input=4, t_output=4, t_event=23, T=32)
12:21:49 INFO [mississippi] Dataset: 1085 patches × 21 windows = 22785 samples | C=7 H=128 W=128
12:21:49 INFO [mississippi] Train: 19368 | Val: 3417 samples
12:21:49 INFO WeightedRandomSampler enabled: everglades=18814 | mississippi=19368
12:21:49 INFO DataLoaders built: train=38182 samples (9545 batches) | val=6737 samples (1685 batches)
12:21:49 INFO Training on: cuda
12:21:49 INFO   GPU: NVIDIA RTX A4000
12:21:49 INFO   VRAM: 16.7 GB
wandb: setting up run axgv9ez4
wandb: Tracking run with wandb version 0.25.0
wandb: Run data is saved locally in /home/CL502-17/Desktop/Kunal_IDL_V1/wandb/run-20260317_122150-axgv9ez4
wandb: Run `wandb offline` to turn off syncing.
wandb: Syncing run ablation_convlstm_no_sar
wandb: ⭐️ View project at https://wandb.ai/kunalajgaonkar31682-symbiosis-institute-of-technology/eco-rewind
wandb: 🚀 View run at https://wandb.ai/kunalajgaonkar31682-symbiosis-institute-of-technology/eco-rewind/runs/axgv9ez4
12:21:52 INFO W&B initialized: https://wandb.ai/kunalajgaonkar31682-symbiosis-institute-of-technology/eco-rewind/runs/axgv9ez4
12:21:52 INFO Resuming from checkpoint: outputs/checkpoints/ablation_convlstm_no_sar/epoch_030_val0.0019.pt
12:21:52 INFO Resumed at epoch 30, best val loss: 0.001842
12:21:52 INFO Compiling model with torch.compile() for faster training
12:21:52 INFO 
============================================================
  Training started
  Epochs:         31 → 30
  Train batches:  9545 per epoch
  Val batches:    1685 per epoch
============================================================
wandb: updating run metadata; uploading console lines 0-0
wandb: uploading wandb-metadata.json; uploading requirements.txt; uploading output.log; uploading wandb-summary.json; uploading config.yaml
wandb: uploading wandb-metadata.json; uploading requirements.txt; uploading output.log; uploading wandb-summary.json
wandb: uploading summary, console lines 1-10
wandb: 🚀 View run ablation_convlstm_no_sar at: https://wandb.ai/kunalajgaonkar31682-symbiosis-institute-of-technology/eco-rewind/runs/axgv9ez4
wandb: ⭐️ View project at: https://wandb.ai/kunalajgaonkar31682-symbiosis-institute-of-technology/eco-rewind
wandb: Synced 5 W&B file(s), 0 media file(s), 0 artifact file(s) and 0 other file(s)
wandb: Find logs at: ./wandb/run-20260317_122150-axgv9ez4/logs
12:21:54 INFO Training complete. Best val loss: 0.001842
12:21:54 INFO Best checkpoint: None
12:24:58 INFO 
==================================================
12:24:58 INFO   Model Evaluation Results
12:24:58 INFO ==================================================
12:24:58 INFO   Overall RMSE: 0.447511
12:24:58 INFO 
        Band         MSE        R²
12:24:58 INFO   --------------------------------
12:24:58 INFO         Blue    0.111510  -128.9599
12:24:58 INFO        Green    0.563857  -442.8178
12:24:58 INFO          Red    0.073855  -41.4768
12:24:58 INFO          NIR    0.115706   -6.8354
12:24:58 INFO         NDVI    0.192845   -2.4717
12:24:58 INFO         NDWI    0.143825   -1.8309
12:24:58 INFO ==================================================

12:24:58 INFO 
  [no_sar] Results:
    best_val_loss: 0.001842
    ndvi_mse:      0.192845
    rmse_overall:  0.447511
12:24:58 INFO 
============================================================
12:24:58 INFO  ABLATION: no_eco_loss
12:24:58 INFO  w/o L_ecological constraint
12:24:58 INFO ============================================================
12:24:58 INFO Active ecosystems for training: ['everglades', 'mississippi']
12:24:58 INFO Window mode: all | Balanced sampling: True
12:24:58 INFO Generated 21 sliding windows (mode=all, t_input=4, t_output=4, t_event=6, T=32)
12:24:58 INFO [everglades] Dataset: 1054 patches × 21 windows = 22134 samples | C=7 H=128 W=128
12:24:58 INFO [everglades] Train: 18814 | Val: 3320 samples
12:24:58 INFO Generated 21 sliding windows (mode=all, t_input=4, t_output=4, t_event=23, T=32)
12:24:58 INFO [mississippi] Dataset: 1085 patches × 21 windows = 22785 samples | C=7 H=128 W=128
12:24:58 INFO [mississippi] Train: 19368 | Val: 3417 samples
12:24:58 INFO WeightedRandomSampler enabled: everglades=18814 | mississippi=19368
12:24:58 INFO DataLoaders built: train=38182 samples (9545 batches) | val=6737 samples (1685 batches)
12:24:58 INFO Training on: cuda
12:24:58 INFO   GPU: NVIDIA RTX A4000
12:24:58 INFO   VRAM: 16.7 GB
wandb: setting up run 0l0vq48c
wandb: Tracking run with wandb version 0.25.0
wandb: Run data is saved locally in /home/CL502-17/Desktop/Kunal_IDL_V1/wandb/run-20260317_122459-0l0vq48c
wandb: Run `wandb offline` to turn off syncing.
wandb: Syncing run ablation_convlstm_no_eco_loss
wandb: ⭐️ View project at https://wandb.ai/kunalajgaonkar31682-symbiosis-institute-of-technology/eco-rewind
wandb: 🚀 View run at https://wandb.ai/kunalajgaonkar31682-symbiosis-institute-of-technology/eco-rewind/runs/0l0vq48c
12:25:00 INFO W&B initialized: https://wandb.ai/kunalajgaonkar31682-symbiosis-institute-of-technology/eco-rewind/runs/0l0vq48c
12:25:00 INFO Compiling model with torch.compile() for faster training
12:25:00 INFO 
============================================================
  Training started
  Epochs:         1 → 30
  Train batches:  9545 per epoch
  Val batches:    1685 per epoch
============================================================
12:25:00 INFO 
--- Epoch 1/30 ---
12:25:01 ERROR   [no_eco_loss] FAILED: Dynamo failed to run FX node with fake tensors: call_function <built-in method conv2d of type object at 0x7325178d1920>(*(FakeTensor(..., device='cuda:0', size=(4, 71, 128, 128)), Parameter(FakeTensor(..., device='cuda:0', size=(256, 72, 3, 3), requires_grad=True)), Parameter(FakeTensor(..., device='cuda:0', size=(256,), requires_grad=True)), (1, 1), (1, 1), (1, 1), 1), **{}): got RuntimeError('Given groups=1, weight of size [256, 72, 3, 3], expected input[4, 71, 128, 128] to have 72 channels, but got 71 channels instead')

from user code:
   File "/home/CL502-17/Desktop/Kunal_IDL_V1/models/convlstm.py", line 233, in forward
    _, enc_states = self.encode(x)
  File "/home/CL502-17/Desktop/Kunal_IDL_V1/models/convlstm.py", line 191, in encode
    seq, (h, c) = layer(seq)
  File "/home/CL502-17/Desktop/Kunal_IDL_V1/models/convlstm.py", line 118, in forward
    h, c = self.cell(x_seq[:, t], h, c)
  File "/home/CL502-17/Desktop/Kunal_IDL_V1/models/convlstm.py", line 74, in forward
    gates = self.conv(combined)             # (B, 4*hidden, H, W)
  File "/home/CL502-17/Desktop/Kunal_IDL_V1/venv/lib/python3.10/site-packages/torch/nn/modules/conv.py", line 553, in forward
    return self._conv_forward(input, self.weight, self.bias)
  File "/home/CL502-17/Desktop/Kunal_IDL_V1/venv/lib/python3.10/site-packages/torch/nn/modules/conv.py", line 548, in _conv_forward
    return F.conv2d(

Set TORCHDYNAMO_VERBOSE=1 for the internal stack trace (please do this especially if you're reporting a bug to PyTorch). For even more developer context, set TORCH_LOGS="+dynamo"

12:25:01 ERROR Traceback (most recent call last):
  File "/home/CL502-17/Desktop/Kunal_IDL_V1/scripts/06_ablation.py", line 299, in main
    result = run_experiment(
  File "/home/CL502-17/Desktop/Kunal_IDL_V1/scripts/06_ablation.py", line 178, in run_experiment
    trainer.train()
  File "/home/CL502-17/Desktop/Kunal_IDL_V1/training/trainer.py", line 201, in train
    train_metrics = self._run_epoch(self.train_loader, training=True)
  File "/home/CL502-17/Desktop/Kunal_IDL_V1/training/trainer.py", line 300, in _run_epoch
    pred = self.model(inp)
  File "/home/CL502-17/Desktop/Kunal_IDL_V1/venv/lib/python3.10/site-packages/torch/_dynamo/eval_frame.py", line 465, in __call__
    return super().__call__(*args, **kwargs)
  File "/home/CL502-17/Desktop/Kunal_IDL_V1/venv/lib/python3.10/site-packages/torch/nn/modules/module.py", line 1776, in _wrapped_call_impl
    return self._call_impl(*args, **kwargs)
  File "/home/CL502-17/Desktop/Kunal_IDL_V1/venv/lib/python3.10/site-packages/torch/nn/modules/module.py", line 1787, in _call_impl
    return forward_call(*args, **kwargs)
  File "/home/CL502-17/Desktop/Kunal_IDL_V1/venv/lib/python3.10/site-packages/torch/_dynamo/eval_frame.py", line 953, in compile_wrapper
    return fn(*args, **kwargs)
  File "/home/CL502-17/Desktop/Kunal_IDL_V1/venv/lib/python3.10/site-packages/torch/nn/modules/module.py", line 1776, in _wrapped_call_impl
    return self._call_impl(*args, **kwargs)
  File "/home/CL502-17/Desktop/Kunal_IDL_V1/venv/lib/python3.10/site-packages/torch/nn/modules/module.py", line 1787, in _call_impl
    return forward_call(*args, **kwargs)
  File "/home/CL502-17/Desktop/Kunal_IDL_V1/venv/lib/python3.10/site-packages/torch/_dynamo/convert_frame.py", line 2202, in __call__
    result = self._torchdynamo_orig_backend(
  File "/home/CL502-17/Desktop/Kunal_IDL_V1/venv/lib/python3.10/site-packages/torch/_dynamo/convert_frame.py", line 1945, in __call__
    result = self._inner_convert(
  File "/home/CL502-17/Desktop/Kunal_IDL_V1/venv/lib/python3.10/site-packages/torch/_dynamo/convert_frame.py", line 707, in __call__
    result = _compile(
  File "/home/CL502-17/Desktop/Kunal_IDL_V1/venv/lib/python3.10/site-packages/torch/_dynamo/convert_frame.py", line 1752, in _compile
    guarded_code, tracer_output = compile_inner(code, one_graph, hooks)
  File "/home/CL502-17/Desktop/Kunal_IDL_V1/venv/lib/python3.10/site-packages/torch/_utils_internal.py", line 97, in wrapper_function
    return function(*args, **kwargs)
  File "/home/CL502-17/Desktop/Kunal_IDL_V1/venv/lib/python3.10/site-packages/torch/_dynamo/convert_frame.py", line 1433, in compile_inner
    return _compile_inner(code, one_graph, hooks)
  File "/home/CL502-17/Desktop/Kunal_IDL_V1/venv/lib/python3.10/site-packages/torch/_dynamo/convert_frame.py", line 1467, in _compile_inner
    dynamo_output = compile_frame(
  File "/home/CL502-17/Desktop/Kunal_IDL_V1/venv/lib/python3.10/site-packages/torch/_dynamo/convert_frame.py", line 1341, in compile_frame
    bytecode, tracer_output = transform_code_object(code, transform)
  File "/home/CL502-17/Desktop/Kunal_IDL_V1/venv/lib/python3.10/site-packages/torch/_dynamo/bytecode_transformation.py", line 1600, in transform_code_object
    tracer_output = transformations(instructions, code_options)
  File "/home/CL502-17/Desktop/Kunal_IDL_V1/venv/lib/python3.10/site-packages/torch/_dynamo/convert_frame.py", line 1313, in transform
    tracer_output = trace_frame(
  File "/home/CL502-17/Desktop/Kunal_IDL_V1/venv/lib/python3.10/site-packages/torch/_dynamo/convert_frame.py", line 328, in _fn
    return fn(*args, **kwargs)
  File "/home/CL502-17/Desktop/Kunal_IDL_V1/venv/lib/python3.10/site-packages/torch/_dynamo/convert_frame.py", line 838, in trace_frame
    run_tracer()
  File "/home/CL502-17/Desktop/Kunal_IDL_V1/venv/lib/python3.10/site-packages/torch/_dynamo/convert_frame.py", line 819, in run_tracer
    tracer.run()
  File "/home/CL502-17/Desktop/Kunal_IDL_V1/venv/lib/python3.10/site-packages/torch/_dynamo/symbolic_convert.py", line 1654, in run
    while self.step():
  File "/home/CL502-17/Desktop/Kunal_IDL_V1/venv/lib/python3.10/site-packages/torch/_dynamo/symbolic_convert.py", line 1334, in step
    self.dispatch_table[inst.opcode](self, inst)
  File "/home/CL502-17/Desktop/Kunal_IDL_V1/venv/lib/python3.10/site-packages/torch/_dynamo/symbolic_convert.py", line 866, in wrapper
    return inner_fn(self, inst)
  File "/home/CL502-17/Desktop/Kunal_IDL_V1/venv/lib/python3.10/site-packages/torch/_dynamo/symbolic_convert.py", line 2514, in CALL_FUNCTION
    self.call_function(fn, args, {})
  File "/home/CL502-17/Desktop/Kunal_IDL_V1/venv/lib/python3.10/site-packages/torch/_dynamo/symbolic_convert.py", line 1240, in call_function
    self.push(fn.call_function(self, args, kwargs))  # type: ignore[arg-type]
  File "/home/CL502-17/Desktop/Kunal_IDL_V1/venv/lib/python3.10/site-packages/torch/_dynamo/variables/functions.py", line 1450, in call_function
    return super().call_function(tx, args, kwargs)
  File "/home/CL502-17/Desktop/Kunal_IDL_V1/venv/lib/python3.10/site-packages/torch/_dynamo/variables/functions.py", line 685, in call_function
    return super().call_function(tx, args, kwargs)
  File "/home/CL502-17/Desktop/Kunal_IDL_V1/venv/lib/python3.10/site-packages/torch/_dynamo/variables/functions.py", line 401, in call_function
    return tx.inline_user_function_return(self, [*self.self_args(), *args], kwargs)  # type: ignore[attr-defined]
  File "/home/CL502-17/Desktop/Kunal_IDL_V1/venv/lib/python3.10/site-packages/torch/_dynamo/symbolic_convert.py", line 1262, in inline_user_function_return
    return InliningInstructionTranslator.inline_call(self, fn, args, kwargs)
  File "/home/CL502-17/Desktop/Kunal_IDL_V1/venv/lib/python3.10/site-packages/torch/_dynamo/symbolic_convert.py", line 4718, in inline_call
    return tracer.inline_call_()
  File "/home/CL502-17/Desktop/Kunal_IDL_V1/venv/lib/python3.10/site-packages/torch/_dynamo/symbolic_convert.py", line 4935, in inline_call_
    self.run()
  File "/home/CL502-17/Desktop/Kunal_IDL_V1/venv/lib/python3.10/site-packages/torch/_dynamo/symbolic_convert.py", line 1654, in run
    while self.step():
  File "/home/CL502-17/Desktop/Kunal_IDL_V1/venv/lib/python3.10/site-packages/torch/_dynamo/symbolic_convert.py", line 1334, in step
    self.dispatch_table[inst.opcode](self, inst)
  File "/home/CL502-17/Desktop/Kunal_IDL_V1/venv/lib/python3.10/site-packages/torch/_dynamo/symbolic_convert.py", line 866, in wrapper
    return inner_fn(self, inst)
  File "/home/CL502-17/Desktop/Kunal_IDL_V1/venv/lib/python3.10/site-packages/torch/_dynamo/symbolic_convert.py", line 2514, in CALL_FUNCTION
    self.call_function(fn, args, {})
  File "/home/CL502-17/Desktop/Kunal_IDL_V1/venv/lib/python3.10/site-packages/torch/_dynamo/symbolic_convert.py", line 1240, in call_function
    self.push(fn.call_function(self, args, kwargs))  # type: ignore[arg-type]
  File "/home/CL502-17/Desktop/Kunal_IDL_V1/venv/lib/python3.10/site-packages/torch/_dynamo/variables/lazy.py", line 229, in realize_and_forward
    return getattr(self.realize(), name)(*args, **kwargs)
  File "/home/CL502-17/Desktop/Kunal_IDL_V1/venv/lib/python3.10/site-packages/torch/_dynamo/variables/nn_module.py", line 1147, in call_function
    return variables.UserFunctionVariable(fn, source=source).call_function(
  File "/home/CL502-17/Desktop/Kunal_IDL_V1/venv/lib/python3.10/site-packages/torch/_dynamo/variables/functions.py", line 685, in call_function
    return super().call_function(tx, args, kwargs)
  File "/home/CL502-17/Desktop/Kunal_IDL_V1/venv/lib/python3.10/site-packages/torch/_dynamo/variables/functions.py", line 401, in call_function
    return tx.inline_user_function_return(self, [*self.self_args(), *args], kwargs)  # type: ignore[attr-defined]
  File "/home/CL502-17/Desktop/Kunal_IDL_V1/venv/lib/python3.10/site-packages/torch/_dynamo/symbolic_convert.py", line 1262, in inline_user_function_return
    return InliningInstructionTranslator.inline_call(self, fn, args, kwargs)
  File "/home/CL502-17/Desktop/Kunal_IDL_V1/venv/lib/python3.10/site-packages/torch/_dynamo/symbolic_convert.py", line 4718, in inline_call
    return tracer.inline_call_()
  File "/home/CL502-17/Desktop/Kunal_IDL_V1/venv/lib/python3.10/site-packages/torch/_dynamo/symbolic_convert.py", line 4935, in inline_call_
    self.run()
  File "/home/CL502-17/Desktop/Kunal_IDL_V1/venv/lib/python3.10/site-packages/torch/_dynamo/symbolic_convert.py", line 1654, in run
    while self.step():
  File "/home/CL502-17/Desktop/Kunal_IDL_V1/venv/lib/python3.10/site-packages/torch/_dynamo/symbolic_convert.py", line 1334, in step
    self.dispatch_table[inst.opcode](self, inst)
  File "/home/CL502-17/Desktop/Kunal_IDL_V1/venv/lib/python3.10/site-packages/torch/_dynamo/symbolic_convert.py", line 866, in wrapper
    return inner_fn(self, inst)
  File "/home/CL502-17/Desktop/Kunal_IDL_V1/venv/lib/python3.10/site-packages/torch/_dynamo/symbolic_convert.py", line 2514, in CALL_FUNCTION
    self.call_function(fn, args, {})
  File "/home/CL502-17/Desktop/Kunal_IDL_V1/venv/lib/python3.10/site-packages/torch/_dynamo/symbolic_convert.py", line 1240, in call_function
    self.push(fn.call_function(self, args, kwargs))  # type: ignore[arg-type]
  File "/home/CL502-17/Desktop/Kunal_IDL_V1/venv/lib/python3.10/site-packages/torch/_dynamo/variables/lazy.py", line 229, in realize_and_forward
    return getattr(self.realize(), name)(*args, **kwargs)
  File "/home/CL502-17/Desktop/Kunal_IDL_V1/venv/lib/python3.10/site-packages/torch/_dynamo/variables/nn_module.py", line 1147, in call_function
    return variables.UserFunctionVariable(fn, source=source).call_function(
  File "/home/CL502-17/Desktop/Kunal_IDL_V1/venv/lib/python3.10/site-packages/torch/_dynamo/variables/functions.py", line 685, in call_function
    return super().call_function(tx, args, kwargs)
  File "/home/CL502-17/Desktop/Kunal_IDL_V1/venv/lib/python3.10/site-packages/torch/_dynamo/variables/functions.py", line 401, in call_function
    return tx.inline_user_function_return(self, [*self.self_args(), *args], kwargs)  # type: ignore[attr-defined]
  File "/home/CL502-17/Desktop/Kunal_IDL_V1/venv/lib/python3.10/site-packages/torch/_dynamo/symbolic_convert.py", line 1262, in inline_user_function_return
    return InliningInstructionTranslator.inline_call(self, fn, args, kwargs)
  File "/home/CL502-17/Desktop/Kunal_IDL_V1/venv/lib/python3.10/site-packages/torch/_dynamo/symbolic_convert.py", line 4718, in inline_call
    return tracer.inline_call_()
  File "/home/CL502-17/Desktop/Kunal_IDL_V1/venv/lib/python3.10/site-packages/torch/_dynamo/symbolic_convert.py", line 4935, in inline_call_
    self.run()
  File "/home/CL502-17/Desktop/Kunal_IDL_V1/venv/lib/python3.10/site-packages/torch/_dynamo/symbolic_convert.py", line 1654, in run
    while self.step():
  File "/home/CL502-17/Desktop/Kunal_IDL_V1/venv/lib/python3.10/site-packages/torch/_dynamo/symbolic_convert.py", line 1334, in step
    self.dispatch_table[inst.opcode](self, inst)
  File "/home/CL502-17/Desktop/Kunal_IDL_V1/venv/lib/python3.10/site-packages/torch/_dynamo/symbolic_convert.py", line 866, in wrapper
    return inner_fn(self, inst)
  File "/home/CL502-17/Desktop/Kunal_IDL_V1/venv/lib/python3.10/site-packages/torch/_dynamo/symbolic_convert.py", line 2514, in CALL_FUNCTION
    self.call_function(fn, args, {})
  File "/home/CL502-17/Desktop/Kunal_IDL_V1/venv/lib/python3.10/site-packages/torch/_dynamo/symbolic_convert.py", line 1240, in call_function
    self.push(fn.call_function(self, args, kwargs))  # type: ignore[arg-type]
  File "/home/CL502-17/Desktop/Kunal_IDL_V1/venv/lib/python3.10/site-packages/torch/_dynamo/variables/lazy.py", line 229, in realize_and_forward
    return getattr(self.realize(), name)(*args, **kwargs)
  File "/home/CL502-17/Desktop/Kunal_IDL_V1/venv/lib/python3.10/site-packages/torch/_dynamo/variables/nn_module.py", line 1147, in call_function
    return variables.UserFunctionVariable(fn, source=source).call_function(
  File "/home/CL502-17/Desktop/Kunal_IDL_V1/venv/lib/python3.10/site-packages/torch/_dynamo/variables/functions.py", line 685, in call_function
    return super().call_function(tx, args, kwargs)
  File "/home/CL502-17/Desktop/Kunal_IDL_V1/venv/lib/python3.10/site-packages/torch/_dynamo/variables/functions.py", line 401, in call_function
    return tx.inline_user_function_return(self, [*self.self_args(), *args], kwargs)  # type: ignore[attr-defined]
  File "/home/CL502-17/Desktop/Kunal_IDL_V1/venv/lib/python3.10/site-packages/torch/_dynamo/symbolic_convert.py", line 1262, in inline_user_function_return
    return InliningInstructionTranslator.inline_call(self, fn, args, kwargs)
  File "/home/CL502-17/Desktop/Kunal_IDL_V1/venv/lib/python3.10/site-packages/torch/_dynamo/symbolic_convert.py", line 4718, in inline_call
    return tracer.inline_call_()
  File "/home/CL502-17/Desktop/Kunal_IDL_V1/venv/lib/python3.10/site-packages/torch/_dynamo/symbolic_convert.py", line 4935, in inline_call_
    self.run()
  File "/home/CL502-17/Desktop/Kunal_IDL_V1/venv/lib/python3.10/site-packages/torch/_dynamo/symbolic_convert.py", line 1654, in run
    while self.step():
  File "/home/CL502-17/Desktop/Kunal_IDL_V1/venv/lib/python3.10/site-packages/torch/_dynamo/symbolic_convert.py", line 1334, in step
    self.dispatch_table[inst.opcode](self, inst)
  File "/home/CL502-17/Desktop/Kunal_IDL_V1/venv/lib/python3.10/site-packages/torch/_dynamo/symbolic_convert.py", line 866, in wrapper
    return inner_fn(self, inst)
  File "/home/CL502-17/Desktop/Kunal_IDL_V1/venv/lib/python3.10/site-packages/torch/_dynamo/symbolic_convert.py", line 2514, in CALL_FUNCTION
    self.call_function(fn, args, {})
  File "/home/CL502-17/Desktop/Kunal_IDL_V1/venv/lib/python3.10/site-packages/torch/_dynamo/symbolic_convert.py", line 1240, in call_function
    self.push(fn.call_function(self, args, kwargs))  # type: ignore[arg-type]
  File "/home/CL502-17/Desktop/Kunal_IDL_V1/venv/lib/python3.10/site-packages/torch/_dynamo/variables/functions.py", line 1450, in call_function
    return super().call_function(tx, args, kwargs)
  File "/home/CL502-17/Desktop/Kunal_IDL_V1/venv/lib/python3.10/site-packages/torch/_dynamo/variables/functions.py", line 685, in call_function
    return super().call_function(tx, args, kwargs)
  File "/home/CL502-17/Desktop/Kunal_IDL_V1/venv/lib/python3.10/site-packages/torch/_dynamo/variables/functions.py", line 401, in call_function
    return tx.inline_user_function_return(self, [*self.self_args(), *args], kwargs)  # type: ignore[attr-defined]
  File "/home/CL502-17/Desktop/Kunal_IDL_V1/venv/lib/python3.10/site-packages/torch/_dynamo/symbolic_convert.py", line 1262, in inline_user_function_return
    return InliningInstructionTranslator.inline_call(self, fn, args, kwargs)
  File "/home/CL502-17/Desktop/Kunal_IDL_V1/venv/lib/python3.10/site-packages/torch/_dynamo/symbolic_convert.py", line 4718, in inline_call
    return tracer.inline_call_()
  File "/home/CL502-17/Desktop/Kunal_IDL_V1/venv/lib/python3.10/site-packages/torch/_dynamo/symbolic_convert.py", line 4935, in inline_call_
    self.run()
  File "/home/CL502-17/Desktop/Kunal_IDL_V1/venv/lib/python3.10/site-packages/torch/_dynamo/symbolic_convert.py", line 1654, in run
    while self.step():
  File "/home/CL502-17/Desktop/Kunal_IDL_V1/venv/lib/python3.10/site-packages/torch/_dynamo/symbolic_convert.py", line 1334, in step
    self.dispatch_table[inst.opcode](self, inst)
  File "/home/CL502-17/Desktop/Kunal_IDL_V1/venv/lib/python3.10/site-packages/torch/_dynamo/symbolic_convert.py", line 866, in wrapper
    return inner_fn(self, inst)
  File "/home/CL502-17/Desktop/Kunal_IDL_V1/venv/lib/python3.10/site-packages/torch/_dynamo/symbolic_convert.py", line 2514, in CALL_FUNCTION
    self.call_function(fn, args, {})
  File "/home/CL502-17/Desktop/Kunal_IDL_V1/venv/lib/python3.10/site-packages/torch/_dynamo/symbolic_convert.py", line 1240, in call_function
    self.push(fn.call_function(self, args, kwargs))  # type: ignore[arg-type]
  File "/home/CL502-17/Desktop/Kunal_IDL_V1/venv/lib/python3.10/site-packages/torch/_dynamo/variables/lazy.py", line 229, in realize_and_forward
    return getattr(self.realize(), name)(*args, **kwargs)
  File "/home/CL502-17/Desktop/Kunal_IDL_V1/venv/lib/python3.10/site-packages/torch/_dynamo/variables/torch.py", line 1596, in call_function
    tensor_variable = wrap_fx_proxy(
  File "/home/CL502-17/Desktop/Kunal_IDL_V1/venv/lib/python3.10/site-packages/torch/_dynamo/variables/builder.py", line 2795, in wrap_fx_proxy
    return wrap_fx_proxy_cls(target_cls=TensorVariable, **kwargs)
  File "/home/CL502-17/Desktop/Kunal_IDL_V1/venv/lib/python3.10/site-packages/torch/_dynamo/variables/builder.py", line 2861, in wrap_fx_proxy_cls
    out = _wrap_fx_proxy(
  File "/home/CL502-17/Desktop/Kunal_IDL_V1/venv/lib/python3.10/site-packages/torch/_dynamo/variables/builder.py", line 2972, in _wrap_fx_proxy
    example_value = get_fake_value(proxy.node, tx, allow_non_graph_fake=True)
  File "/home/CL502-17/Desktop/Kunal_IDL_V1/venv/lib/python3.10/site-packages/torch/_dynamo/utils.py", line 3626, in get_fake_value
    raise TorchRuntimeError(msg).with_traceback(e.__traceback__) from None
  File "/home/CL502-17/Desktop/Kunal_IDL_V1/venv/lib/python3.10/site-packages/torch/_dynamo/utils.py", line 3524, in get_fake_value
    ret_val = wrap_fake_exception(
  File "/home/CL502-17/Desktop/Kunal_IDL_V1/venv/lib/python3.10/site-packages/torch/_dynamo/utils.py", line 2966, in wrap_fake_exception
    return fn()
  File "/home/CL502-17/Desktop/Kunal_IDL_V1/venv/lib/python3.10/site-packages/torch/_dynamo/utils.py", line 3525, in <lambda>
    lambda: run_node(tx.output, node, args, kwargs, nnmodule)
  File "/home/CL502-17/Desktop/Kunal_IDL_V1/venv/lib/python3.10/site-packages/torch/_dynamo/utils.py", line 3735, in run_node
    raise RuntimeError(make_error_message(e)).with_traceback(
  File "/home/CL502-17/Desktop/Kunal_IDL_V1/venv/lib/python3.10/site-packages/torch/_dynamo/utils.py", line 3694, in run_node
    return node.target(*args, **kwargs)  # type: ignore[operator]
  File "/home/CL502-17/Desktop/Kunal_IDL_V1/venv/lib/python3.10/site-packages/torch/utils/_stats.py", line 29, in wrapper
    return fn(*args, **kwargs)
  File "/home/CL502-17/Desktop/Kunal_IDL_V1/venv/lib/python3.10/site-packages/torch/_subclasses/fake_tensor.py", line 1397, in __torch_dispatch__
    return self.dispatch(func, types, args, kwargs)
  File "/home/CL502-17/Desktop/Kunal_IDL_V1/venv/lib/python3.10/site-packages/torch/_subclasses/fake_tensor.py", line 2155, in dispatch
    return self._cached_dispatch_impl(func, types, args, kwargs)
  File "/home/CL502-17/Desktop/Kunal_IDL_V1/venv/lib/python3.10/site-packages/torch/_subclasses/fake_tensor.py", line 1544, in _cached_dispatch_impl
    output = self._dispatch_impl(func, types, args, kwargs)
  File "/home/CL502-17/Desktop/Kunal_IDL_V1/venv/lib/python3.10/site-packages/torch/_subclasses/fake_tensor.py", line 2793, in _dispatch_impl
    op_impl_out = op_impl(self, func, *args, **kwargs)
  File "/home/CL502-17/Desktop/Kunal_IDL_V1/venv/lib/python3.10/site-packages/torch/_subclasses/fake_impls.py", line 180, in dispatch_to_op_implementations_dict
    return op_implementations_dict[func](fake_mode, func, *args, **kwargs)
  File "/home/CL502-17/Desktop/Kunal_IDL_V1/venv/lib/python3.10/site-packages/torch/_subclasses/fake_impls.py", line 1135, in conv
    conv_backend = torch._C._select_conv_backend(**kwargs)
torch._dynamo.exc.TorchRuntimeError: Dynamo failed to run FX node with fake tensors: call_function <built-in method conv2d of type object at 0x7325178d1920>(*(FakeTensor(..., device='cuda:0', size=(4, 71, 128, 128)), Parameter(FakeTensor(..., device='cuda:0', size=(256, 72, 3, 3), requires_grad=True)), Parameter(FakeTensor(..., device='cuda:0', size=(256,), requires_grad=True)), (1, 1), (1, 1), (1, 1), 1), **{}): got RuntimeError('Given groups=1, weight of size [256, 72, 3, 3], expected input[4, 71, 128, 128] to have 72 channels, but got 71 channels instead')

from user code:
   File "/home/CL502-17/Desktop/Kunal_IDL_V1/models/convlstm.py", line 233, in forward
    _, enc_states = self.encode(x)
  File "/home/CL502-17/Desktop/Kunal_IDL_V1/models/convlstm.py", line 191, in encode
    seq, (h, c) = layer(seq)
  File "/home/CL502-17/Desktop/Kunal_IDL_V1/models/convlstm.py", line 118, in forward
    h, c = self.cell(x_seq[:, t], h, c)
  File "/home/CL502-17/Desktop/Kunal_IDL_V1/models/convlstm.py", line 74, in forward
    gates = self.conv(combined)             # (B, 4*hidden, H, W)
  File "/home/CL502-17/Desktop/Kunal_IDL_V1/venv/lib/python3.10/site-packages/torch/nn/modules/conv.py", line 553, in forward
    return self._conv_forward(input, self.weight, self.bias)
  File "/home/CL502-17/Desktop/Kunal_IDL_V1/venv/lib/python3.10/site-packages/torch/nn/modules/conv.py", line 548, in _conv_forward
    return F.conv2d(

Set TORCHDYNAMO_VERBOSE=1 for the internal stack trace (please do this especially if you're reporting a bug to PyTorch). For even more developer context, set TORCH_LOGS="+dynamo"


12:25:01 INFO 
============================================================
12:25:01 INFO  ABLATION: no_temp_loss
12:25:01 INFO  w/o L_temporal_smooth
12:25:01 INFO ============================================================
wandb: updating run metadata; uploading console lines 0-0
wandb: updating run metadata
wandb: uploading wandb-metadata.json; uploading requirements.txt; uploading output.log; uploading wandb-summary.json; uploading config.yaml
wandb: uploading wandb-metadata.json; uploading requirements.txt; uploading output.log; uploading wandb-summary.json
wandb: uploading output.log
wandb: 🚀 View run ablation_convlstm_no_eco_loss at: https://wandb.ai/kunalajgaonkar31682-symbiosis-institute-of-technology/eco-rewind/runs/0l0vq48c
wandb: ⭐️ View project at: https://wandb.ai/kunalajgaonkar31682-symbiosis-institute-of-technology/eco-rewind
wandb: Synced 5 W&B file(s), 0 media file(s), 0 artifact file(s) and 0 other file(s)
wandb: Find logs at: ./wandb/run-20260317_122459-0l0vq48c/logs
12:25:04 INFO Active ecosystems for training: ['everglades', 'mississippi']
12:25:04 INFO Window mode: all | Balanced sampling: True
12:25:04 INFO Generated 21 sliding windows (mode=all, t_input=4, t_output=4, t_event=6, T=32)
12:25:04 INFO [everglades] Dataset: 1054 patches × 21 windows = 22134 samples | C=7 H=128 W=128
12:25:04 INFO [everglades] Train: 18814 | Val: 3320 samples
12:25:04 INFO Generated 21 sliding windows (mode=all, t_input=4, t_output=4, t_event=23, T=32)
12:25:04 INFO [mississippi] Dataset: 1085 patches × 21 windows = 22785 samples | C=7 H=128 W=128
12:25:04 INFO [mississippi] Train: 19368 | Val: 3417 samples
12:25:04 INFO WeightedRandomSampler enabled: everglades=18814 | mississippi=19368
12:25:04 INFO DataLoaders built: train=38182 samples (9545 batches) | val=6737 samples (1685 batches)
12:25:04 INFO Training on: cuda
12:25:04 INFO   GPU: NVIDIA RTX A4000
12:25:04 INFO   VRAM: 16.7 GB
wandb: setting up run v095tl0q
wandb: Tracking run with wandb version 0.25.0
wandb: Run data is saved locally in /home/CL502-17/Desktop/Kunal_IDL_V1/wandb/run-20260317_122505-v095tl0q
wandb: Run `wandb offline` to turn off syncing.
wandb: Syncing run ablation_convlstm_no_temp_loss
wandb: ⭐️ View project at https://wandb.ai/kunalajgaonkar31682-symbiosis-institute-of-technology/eco-rewind
wandb: 🚀 View run at https://wandb.ai/kunalajgaonkar31682-symbiosis-institute-of-technology/eco-rewind/runs/v095tl0q
12:25:06 INFO W&B initialized: https://wandb.ai/kunalajgaonkar31682-symbiosis-institute-of-technology/eco-rewind/runs/v095tl0q
12:25:06 INFO Compiling model with torch.compile() for faster training
12:25:06 INFO 
============================================================
  Training started
  Epochs:         1 → 30
  Train batches:  9545 per epoch
  Val batches:    1685 per epoch
============================================================
12:25:06 INFO 
--- Epoch 1/30 ---
12:25:06 ERROR   [no_temp_loss] FAILED: Dynamo failed to run FX node with fake tensors: call_function <built-in method conv2d of type object at 0x7325178d1920>(*(FakeTensor(..., device='cuda:0', size=(4, 71, 128, 128)), Parameter(FakeTensor(..., device='cuda:0', size=(256, 72, 3, 3), requires_grad=True)), Parameter(FakeTensor(..., device='cuda:0', size=(256,), requires_grad=True)), (1, 1), (1, 1), (1, 1), 1), **{}): got RuntimeError('Given groups=1, weight of size [256, 72, 3, 3], expected input[4, 71, 128, 128] to have 72 channels, but got 71 channels instead')

from user code:
   File "/home/CL502-17/Desktop/Kunal_IDL_V1/models/convlstm.py", line 233, in forward
    _, enc_states = self.encode(x)
  File "/home/CL502-17/Desktop/Kunal_IDL_V1/models/convlstm.py", line 191, in encode
    seq, (h, c) = layer(seq)
  File "/home/CL502-17/Desktop/Kunal_IDL_V1/models/convlstm.py", line 118, in forward
    h, c = self.cell(x_seq[:, t], h, c)
  File "/home/CL502-17/Desktop/Kunal_IDL_V1/models/convlstm.py", line 74, in forward
    gates = self.conv(combined)             # (B, 4*hidden, H, W)
  File "/home/CL502-17/Desktop/Kunal_IDL_V1/venv/lib/python3.10/site-packages/torch/nn/modules/conv.py", line 553, in forward
    return self._conv_forward(input, self.weight, self.bias)
  File "/home/CL502-17/Desktop/Kunal_IDL_V1/venv/lib/python3.10/site-packages/torch/nn/modules/conv.py", line 548, in _conv_forward
    return F.conv2d(

Set TORCHDYNAMO_VERBOSE=1 for the internal stack trace (please do this especially if you're reporting a bug to PyTorch). For even more developer context, set TORCH_LOGS="+dynamo"

12:25:06 ERROR Traceback (most recent call last):
  File "/home/CL502-17/Desktop/Kunal_IDL_V1/scripts/06_ablation.py", line 299, in main
    result = run_experiment(
  File "/home/CL502-17/Desktop/Kunal_IDL_V1/scripts/06_ablation.py", line 178, in run_experiment
    trainer.train()
  File "/home/CL502-17/Desktop/Kunal_IDL_V1/training/trainer.py", line 201, in train
    train_metrics = self._run_epoch(self.train_loader, training=True)
  File "/home/CL502-17/Desktop/Kunal_IDL_V1/training/trainer.py", line 300, in _run_epoch
    pred = self.model(inp)
  File "/home/CL502-17/Desktop/Kunal_IDL_V1/venv/lib/python3.10/site-packages/torch/_dynamo/eval_frame.py", line 465, in __call__
    return super().__call__(*args, **kwargs)
  File "/home/CL502-17/Desktop/Kunal_IDL_V1/venv/lib/python3.10/site-packages/torch/nn/modules/module.py", line 1776, in _wrapped_call_impl
    return self._call_impl(*args, **kwargs)
  File "/home/CL502-17/Desktop/Kunal_IDL_V1/venv/lib/python3.10/site-packages/torch/nn/modules/module.py", line 1787, in _call_impl
    return forward_call(*args, **kwargs)
  File "/home/CL502-17/Desktop/Kunal_IDL_V1/venv/lib/python3.10/site-packages/torch/_dynamo/eval_frame.py", line 953, in compile_wrapper
    return fn(*args, **kwargs)
  File "/home/CL502-17/Desktop/Kunal_IDL_V1/venv/lib/python3.10/site-packages/torch/nn/modules/module.py", line 1776, in _wrapped_call_impl
    return self._call_impl(*args, **kwargs)
  File "/home/CL502-17/Desktop/Kunal_IDL_V1/venv/lib/python3.10/site-packages/torch/nn/modules/module.py", line 1787, in _call_impl
    return forward_call(*args, **kwargs)
  File "/home/CL502-17/Desktop/Kunal_IDL_V1/venv/lib/python3.10/site-packages/torch/_dynamo/convert_frame.py", line 2202, in __call__
    result = self._torchdynamo_orig_backend(
  File "/home/CL502-17/Desktop/Kunal_IDL_V1/venv/lib/python3.10/site-packages/torch/_dynamo/convert_frame.py", line 1945, in __call__
    result = self._inner_convert(
  File "/home/CL502-17/Desktop/Kunal_IDL_V1/venv/lib/python3.10/site-packages/torch/_dynamo/convert_frame.py", line 707, in __call__
    result = _compile(
  File "/home/CL502-17/Desktop/Kunal_IDL_V1/venv/lib/python3.10/site-packages/torch/_dynamo/convert_frame.py", line 1752, in _compile
    guarded_code, tracer_output = compile_inner(code, one_graph, hooks)
  File "/home/CL502-17/Desktop/Kunal_IDL_V1/venv/lib/python3.10/site-packages/torch/_utils_internal.py", line 97, in wrapper_function
    return function(*args, **kwargs)
  File "/home/CL502-17/Desktop/Kunal_IDL_V1/venv/lib/python3.10/site-packages/torch/_dynamo/convert_frame.py", line 1433, in compile_inner
    return _compile_inner(code, one_graph, hooks)
  File "/home/CL502-17/Desktop/Kunal_IDL_V1/venv/lib/python3.10/site-packages/torch/_dynamo/convert_frame.py", line 1467, in _compile_inner
    dynamo_output = compile_frame(
  File "/home/CL502-17/Desktop/Kunal_IDL_V1/venv/lib/python3.10/site-packages/torch/_dynamo/convert_frame.py", line 1341, in compile_frame
    bytecode, tracer_output = transform_code_object(code, transform)
  File "/home/CL502-17/Desktop/Kunal_IDL_V1/venv/lib/python3.10/site-packages/torch/_dynamo/bytecode_transformation.py", line 1600, in transform_code_object
    tracer_output = transformations(instructions, code_options)
  File "/home/CL502-17/Desktop/Kunal_IDL_V1/venv/lib/python3.10/site-packages/torch/_dynamo/convert_frame.py", line 1313, in transform
    tracer_output = trace_frame(
  File "/home/CL502-17/Desktop/Kunal_IDL_V1/venv/lib/python3.10/site-packages/torch/_dynamo/convert_frame.py", line 328, in _fn
    return fn(*args, **kwargs)
  File "/home/CL502-17/Desktop/Kunal_IDL_V1/venv/lib/python3.10/site-packages/torch/_dynamo/convert_frame.py", line 838, in trace_frame
    run_tracer()
  File "/home/CL502-17/Desktop/Kunal_IDL_V1/venv/lib/python3.10/site-packages/torch/_dynamo/convert_frame.py", line 819, in run_tracer
    tracer.run()
  File "/home/CL502-17/Desktop/Kunal_IDL_V1/venv/lib/python3.10/site-packages/torch/_dynamo/symbolic_convert.py", line 1654, in run
    while self.step():
  File "/home/CL502-17/Desktop/Kunal_IDL_V1/venv/lib/python3.10/site-packages/torch/_dynamo/symbolic_convert.py", line 1334, in step
    self.dispatch_table[inst.opcode](self, inst)
  File "/home/CL502-17/Desktop/Kunal_IDL_V1/venv/lib/python3.10/site-packages/torch/_dynamo/symbolic_convert.py", line 866, in wrapper
    return inner_fn(self, inst)
  File "/home/CL502-17/Desktop/Kunal_IDL_V1/venv/lib/python3.10/site-packages/torch/_dynamo/symbolic_convert.py", line 2514, in CALL_FUNCTION
    self.call_function(fn, args, {})
  File "/home/CL502-17/Desktop/Kunal_IDL_V1/venv/lib/python3.10/site-packages/torch/_dynamo/symbolic_convert.py", line 1240, in call_function
    self.push(fn.call_function(self, args, kwargs))  # type: ignore[arg-type]
  File "/home/CL502-17/Desktop/Kunal_IDL_V1/venv/lib/python3.10/site-packages/torch/_dynamo/variables/functions.py", line 1450, in call_function
    return super().call_function(tx, args, kwargs)
  File "/home/CL502-17/Desktop/Kunal_IDL_V1/venv/lib/python3.10/site-packages/torch/_dynamo/variables/functions.py", line 685, in call_function
    return super().call_function(tx, args, kwargs)
  File "/home/CL502-17/Desktop/Kunal_IDL_V1/venv/lib/python3.10/site-packages/torch/_dynamo/variables/functions.py", line 401, in call_function
    return tx.inline_user_function_return(self, [*self.self_args(), *args], kwargs)  # type: ignore[attr-defined]
  File "/home/CL502-17/Desktop/Kunal_IDL_V1/venv/lib/python3.10/site-packages/torch/_dynamo/symbolic_convert.py", line 1262, in inline_user_function_return
    return InliningInstructionTranslator.inline_call(self, fn, args, kwargs)
  File "/home/CL502-17/Desktop/Kunal_IDL_V1/venv/lib/python3.10/site-packages/torch/_dynamo/symbolic_convert.py", line 4718, in inline_call
    return tracer.inline_call_()
  File "/home/CL502-17/Desktop/Kunal_IDL_V1/venv/lib/python3.10/site-packages/torch/_dynamo/symbolic_convert.py", line 4935, in inline_call_
    self.run()
  File "/home/CL502-17/Desktop/Kunal_IDL_V1/venv/lib/python3.10/site-packages/torch/_dynamo/symbolic_convert.py", line 1654, in run
    while self.step():
  File "/home/CL502-17/Desktop/Kunal_IDL_V1/venv/lib/python3.10/site-packages/torch/_dynamo/symbolic_convert.py", line 1334, in step
    self.dispatch_table[inst.opcode](self, inst)
  File "/home/CL502-17/Desktop/Kunal_IDL_V1/venv/lib/python3.10/site-packages/torch/_dynamo/symbolic_convert.py", line 866, in wrapper
    return inner_fn(self, inst)
  File "/home/CL502-17/Desktop/Kunal_IDL_V1/venv/lib/python3.10/site-packages/torch/_dynamo/symbolic_convert.py", line 2514, in CALL_FUNCTION
    self.call_function(fn, args, {})
  File "/home/CL502-17/Desktop/Kunal_IDL_V1/venv/lib/python3.10/site-packages/torch/_dynamo/symbolic_convert.py", line 1240, in call_function
    self.push(fn.call_function(self, args, kwargs))  # type: ignore[arg-type]
  File "/home/CL502-17/Desktop/Kunal_IDL_V1/venv/lib/python3.10/site-packages/torch/_dynamo/variables/lazy.py", line 229, in realize_and_forward
    return getattr(self.realize(), name)(*args, **kwargs)
  File "/home/CL502-17/Desktop/Kunal_IDL_V1/venv/lib/python3.10/site-packages/torch/_dynamo/variables/nn_module.py", line 1147, in call_function
    return variables.UserFunctionVariable(fn, source=source).call_function(
  File "/home/CL502-17/Desktop/Kunal_IDL_V1/venv/lib/python3.10/site-packages/torch/_dynamo/variables/functions.py", line 685, in call_function
    return super().call_function(tx, args, kwargs)
  File "/home/CL502-17/Desktop/Kunal_IDL_V1/venv/lib/python3.10/site-packages/torch/_dynamo/variables/functions.py", line 401, in call_function
    return tx.inline_user_function_return(self, [*self.self_args(), *args], kwargs)  # type: ignore[attr-defined]
  File "/home/CL502-17/Desktop/Kunal_IDL_V1/venv/lib/python3.10/site-packages/torch/_dynamo/symbolic_convert.py", line 1262, in inline_user_function_return
    return InliningInstructionTranslator.inline_call(self, fn, args, kwargs)
  File "/home/CL502-17/Desktop/Kunal_IDL_V1/venv/lib/python3.10/site-packages/torch/_dynamo/symbolic_convert.py", line 4718, in inline_call
    return tracer.inline_call_()
  File "/home/CL502-17/Desktop/Kunal_IDL_V1/venv/lib/python3.10/site-packages/torch/_dynamo/symbolic_convert.py", line 4935, in inline_call_
    self.run()
  File "/home/CL502-17/Desktop/Kunal_IDL_V1/venv/lib/python3.10/site-packages/torch/_dynamo/symbolic_convert.py", line 1654, in run
    while self.step():
  File "/home/CL502-17/Desktop/Kunal_IDL_V1/venv/lib/python3.10/site-packages/torch/_dynamo/symbolic_convert.py", line 1334, in step
    self.dispatch_table[inst.opcode](self, inst)
  File "/home/CL502-17/Desktop/Kunal_IDL_V1/venv/lib/python3.10/site-packages/torch/_dynamo/symbolic_convert.py", line 866, in wrapper
    return inner_fn(self, inst)
  File "/home/CL502-17/Desktop/Kunal_IDL_V1/venv/lib/python3.10/site-packages/torch/_dynamo/symbolic_convert.py", line 2514, in CALL_FUNCTION
    self.call_function(fn, args, {})
  File "/home/CL502-17/Desktop/Kunal_IDL_V1/venv/lib/python3.10/site-packages/torch/_dynamo/symbolic_convert.py", line 1240, in call_function
    self.push(fn.call_function(self, args, kwargs))  # type: ignore[arg-type]
  File "/home/CL502-17/Desktop/Kunal_IDL_V1/venv/lib/python3.10/site-packages/torch/_dynamo/variables/lazy.py", line 229, in realize_and_forward
    return getattr(self.realize(), name)(*args, **kwargs)
  File "/home/CL502-17/Desktop/Kunal_IDL_V1/venv/lib/python3.10/site-packages/torch/_dynamo/variables/nn_module.py", line 1147, in call_function
    return variables.UserFunctionVariable(fn, source=source).call_function(
  File "/home/CL502-17/Desktop/Kunal_IDL_V1/venv/lib/python3.10/site-packages/torch/_dynamo/variables/functions.py", line 685, in call_function
    return super().call_function(tx, args, kwargs)
  File "/home/CL502-17/Desktop/Kunal_IDL_V1/venv/lib/python3.10/site-packages/torch/_dynamo/variables/functions.py", line 401, in call_function
    return tx.inline_user_function_return(self, [*self.self_args(), *args], kwargs)  # type: ignore[attr-defined]
  File "/home/CL502-17/Desktop/Kunal_IDL_V1/venv/lib/python3.10/site-packages/torch/_dynamo/symbolic_convert.py", line 1262, in inline_user_function_return
    return InliningInstructionTranslator.inline_call(self, fn, args, kwargs)
  File "/home/CL502-17/Desktop/Kunal_IDL_V1/venv/lib/python3.10/site-packages/torch/_dynamo/symbolic_convert.py", line 4718, in inline_call
    return tracer.inline_call_()
  File "/home/CL502-17/Desktop/Kunal_IDL_V1/venv/lib/python3.10/site-packages/torch/_dynamo/symbolic_convert.py", line 4935, in inline_call_
    self.run()
  File "/home/CL502-17/Desktop/Kunal_IDL_V1/venv/lib/python3.10/site-packages/torch/_dynamo/symbolic_convert.py", line 1654, in run
    while self.step():
  File "/home/CL502-17/Desktop/Kunal_IDL_V1/venv/lib/python3.10/site-packages/torch/_dynamo/symbolic_convert.py", line 1334, in step
    self.dispatch_table[inst.opcode](self, inst)
  File "/home/CL502-17/Desktop/Kunal_IDL_V1/venv/lib/python3.10/site-packages/torch/_dynamo/symbolic_convert.py", line 866, in wrapper
    return inner_fn(self, inst)
  File "/home/CL502-17/Desktop/Kunal_IDL_V1/venv/lib/python3.10/site-packages/torch/_dynamo/symbolic_convert.py", line 2514, in CALL_FUNCTION
    self.call_function(fn, args, {})
  File "/home/CL502-17/Desktop/Kunal_IDL_V1/venv/lib/python3.10/site-packages/torch/_dynamo/symbolic_convert.py", line 1240, in call_function
    self.push(fn.call_function(self, args, kwargs))  # type: ignore[arg-type]
  File "/home/CL502-17/Desktop/Kunal_IDL_V1/venv/lib/python3.10/site-packages/torch/_dynamo/variables/lazy.py", line 229, in realize_and_forward
    return getattr(self.realize(), name)(*args, **kwargs)
  File "/home/CL502-17/Desktop/Kunal_IDL_V1/venv/lib/python3.10/site-packages/torch/_dynamo/variables/nn_module.py", line 1147, in call_function
    return variables.UserFunctionVariable(fn, source=source).call_function(
  File "/home/CL502-17/Desktop/Kunal_IDL_V1/venv/lib/python3.10/site-packages/torch/_dynamo/variables/functions.py", line 685, in call_function
    return super().call_function(tx, args, kwargs)
  File "/home/CL502-17/Desktop/Kunal_IDL_V1/venv/lib/python3.10/site-packages/torch/_dynamo/variables/functions.py", line 401, in call_function
    return tx.inline_user_function_return(self, [*self.self_args(), *args], kwargs)  # type: ignore[attr-defined]
  File "/home/CL502-17/Desktop/Kunal_IDL_V1/venv/lib/python3.10/site-packages/torch/_dynamo/symbolic_convert.py", line 1262, in inline_user_function_return
    return InliningInstructionTranslator.inline_call(self, fn, args, kwargs)
  File "/home/CL502-17/Desktop/Kunal_IDL_V1/venv/lib/python3.10/site-packages/torch/_dynamo/symbolic_convert.py", line 4718, in inline_call
    return tracer.inline_call_()
  File "/home/CL502-17/Desktop/Kunal_IDL_V1/venv/lib/python3.10/site-packages/torch/_dynamo/symbolic_convert.py", line 4935, in inline_call_
    self.run()
  File "/home/CL502-17/Desktop/Kunal_IDL_V1/venv/lib/python3.10/site-packages/torch/_dynamo/symbolic_convert.py", line 1654, in run
    while self.step():
  File "/home/CL502-17/Desktop/Kunal_IDL_V1/venv/lib/python3.10/site-packages/torch/_dynamo/symbolic_convert.py", line 1334, in step
    self.dispatch_table[inst.opcode](self, inst)
  File "/home/CL502-17/Desktop/Kunal_IDL_V1/venv/lib/python3.10/site-packages/torch/_dynamo/symbolic_convert.py", line 866, in wrapper
    return inner_fn(self, inst)
  File "/home/CL502-17/Desktop/Kunal_IDL_V1/venv/lib/python3.10/site-packages/torch/_dynamo/symbolic_convert.py", line 2514, in CALL_FUNCTION
    self.call_function(fn, args, {})
  File "/home/CL502-17/Desktop/Kunal_IDL_V1/venv/lib/python3.10/site-packages/torch/_dynamo/symbolic_convert.py", line 1240, in call_function
    self.push(fn.call_function(self, args, kwargs))  # type: ignore[arg-type]
  File "/home/CL502-17/Desktop/Kunal_IDL_V1/venv/lib/python3.10/site-packages/torch/_dynamo/variables/functions.py", line 1450, in call_function
    return super().call_function(tx, args, kwargs)
  File "/home/CL502-17/Desktop/Kunal_IDL_V1/venv/lib/python3.10/site-packages/torch/_dynamo/variables/functions.py", line 685, in call_function
    return super().call_function(tx, args, kwargs)
  File "/home/CL502-17/Desktop/Kunal_IDL_V1/venv/lib/python3.10/site-packages/torch/_dynamo/variables/functions.py", line 401, in call_function
    return tx.inline_user_function_return(self, [*self.self_args(), *args], kwargs)  # type: ignore[attr-defined]
  File "/home/CL502-17/Desktop/Kunal_IDL_V1/venv/lib/python3.10/site-packages/torch/_dynamo/symbolic_convert.py", line 1262, in inline_user_function_return
    return InliningInstructionTranslator.inline_call(self, fn, args, kwargs)
  File "/home/CL502-17/Desktop/Kunal_IDL_V1/venv/lib/python3.10/site-packages/torch/_dynamo/symbolic_convert.py", line 4718, in inline_call
    return tracer.inline_call_()
  File "/home/CL502-17/Desktop/Kunal_IDL_V1/venv/lib/python3.10/site-packages/torch/_dynamo/symbolic_convert.py", line 4935, in inline_call_
    self.run()
  File "/home/CL502-17/Desktop/Kunal_IDL_V1/venv/lib/python3.10/site-packages/torch/_dynamo/symbolic_convert.py", line 1654, in run
    while self.step():
  File "/home/CL502-17/Desktop/Kunal_IDL_V1/venv/lib/python3.10/site-packages/torch/_dynamo/symbolic_convert.py", line 1334, in step
    self.dispatch_table[inst.opcode](self, inst)
  File "/home/CL502-17/Desktop/Kunal_IDL_V1/venv/lib/python3.10/site-packages/torch/_dynamo/symbolic_convert.py", line 866, in wrapper
    return inner_fn(self, inst)
  File "/home/CL502-17/Desktop/Kunal_IDL_V1/venv/lib/python3.10/site-packages/torch/_dynamo/symbolic_convert.py", line 2514, in CALL_FUNCTION
    self.call_function(fn, args, {})
  File "/home/CL502-17/Desktop/Kunal_IDL_V1/venv/lib/python3.10/site-packages/torch/_dynamo/symbolic_convert.py", line 1240, in call_function
    self.push(fn.call_function(self, args, kwargs))  # type: ignore[arg-type]
  File "/home/CL502-17/Desktop/Kunal_IDL_V1/venv/lib/python3.10/site-packages/torch/_dynamo/variables/lazy.py", line 229, in realize_and_forward
    return getattr(self.realize(), name)(*args, **kwargs)
  File "/home/CL502-17/Desktop/Kunal_IDL_V1/venv/lib/python3.10/site-packages/torch/_dynamo/variables/torch.py", line 1596, in call_function
    tensor_variable = wrap_fx_proxy(
  File "/home/CL502-17/Desktop/Kunal_IDL_V1/venv/lib/python3.10/site-packages/torch/_dynamo/variables/builder.py", line 2795, in wrap_fx_proxy
    return wrap_fx_proxy_cls(target_cls=TensorVariable, **kwargs)
  File "/home/CL502-17/Desktop/Kunal_IDL_V1/venv/lib/python3.10/site-packages/torch/_dynamo/variables/builder.py", line 2861, in wrap_fx_proxy_cls
    out = _wrap_fx_proxy(
  File "/home/CL502-17/Desktop/Kunal_IDL_V1/venv/lib/python3.10/site-packages/torch/_dynamo/variables/builder.py", line 2972, in _wrap_fx_proxy
    example_value = get_fake_value(proxy.node, tx, allow_non_graph_fake=True)
  File "/home/CL502-17/Desktop/Kunal_IDL_V1/venv/lib/python3.10/site-packages/torch/_dynamo/utils.py", line 3626, in get_fake_value
    raise TorchRuntimeError(msg).with_traceback(e.__traceback__) from None
  File "/home/CL502-17/Desktop/Kunal_IDL_V1/venv/lib/python3.10/site-packages/torch/_dynamo/utils.py", line 3524, in get_fake_value
    ret_val = wrap_fake_exception(
  File "/home/CL502-17/Desktop/Kunal_IDL_V1/venv/lib/python3.10/site-packages/torch/_dynamo/utils.py", line 2966, in wrap_fake_exception
    return fn()
  File "/home/CL502-17/Desktop/Kunal_IDL_V1/venv/lib/python3.10/site-packages/torch/_dynamo/utils.py", line 3525, in <lambda>
    lambda: run_node(tx.output, node, args, kwargs, nnmodule)
  File "/home/CL502-17/Desktop/Kunal_IDL_V1/venv/lib/python3.10/site-packages/torch/_dynamo/utils.py", line 3735, in run_node
    raise RuntimeError(make_error_message(e)).with_traceback(
  File "/home/CL502-17/Desktop/Kunal_IDL_V1/venv/lib/python3.10/site-packages/torch/_dynamo/utils.py", line 3694, in run_node
    return node.target(*args, **kwargs)  # type: ignore[operator]
  File "/home/CL502-17/Desktop/Kunal_IDL_V1/venv/lib/python3.10/site-packages/torch/utils/_stats.py", line 29, in wrapper
    return fn(*args, **kwargs)
  File "/home/CL502-17/Desktop/Kunal_IDL_V1/venv/lib/python3.10/site-packages/torch/_subclasses/fake_tensor.py", line 1397, in __torch_dispatch__
    return self.dispatch(func, types, args, kwargs)
  File "/home/CL502-17/Desktop/Kunal_IDL_V1/venv/lib/python3.10/site-packages/torch/_subclasses/fake_tensor.py", line 2155, in dispatch
    return self._cached_dispatch_impl(func, types, args, kwargs)
  File "/home/CL502-17/Desktop/Kunal_IDL_V1/venv/lib/python3.10/site-packages/torch/_subclasses/fake_tensor.py", line 1544, in _cached_dispatch_impl
    output = self._dispatch_impl(func, types, args, kwargs)
  File "/home/CL502-17/Desktop/Kunal_IDL_V1/venv/lib/python3.10/site-packages/torch/_subclasses/fake_tensor.py", line 2793, in _dispatch_impl
    op_impl_out = op_impl(self, func, *args, **kwargs)
  File "/home/CL502-17/Desktop/Kunal_IDL_V1/venv/lib/python3.10/site-packages/torch/_subclasses/fake_impls.py", line 180, in dispatch_to_op_implementations_dict
    return op_implementations_dict[func](fake_mode, func, *args, **kwargs)
  File "/home/CL502-17/Desktop/Kunal_IDL_V1/venv/lib/python3.10/site-packages/torch/_subclasses/fake_impls.py", line 1135, in conv
    conv_backend = torch._C._select_conv_backend(**kwargs)
torch._dynamo.exc.TorchRuntimeError: Dynamo failed to run FX node with fake tensors: call_function <built-in method conv2d of type object at 0x7325178d1920>(*(FakeTensor(..., device='cuda:0', size=(4, 71, 128, 128)), Parameter(FakeTensor(..., device='cuda:0', size=(256, 72, 3, 3), requires_grad=True)), Parameter(FakeTensor(..., device='cuda:0', size=(256,), requires_grad=True)), (1, 1), (1, 1), (1, 1), 1), **{}): got RuntimeError('Given groups=1, weight of size [256, 72, 3, 3], expected input[4, 71, 128, 128] to have 72 channels, but got 71 channels instead')

from user code:
   File "/home/CL502-17/Desktop/Kunal_IDL_V1/models/convlstm.py", line 233, in forward
    _, enc_states = self.encode(x)
  File "/home/CL502-17/Desktop/Kunal_IDL_V1/models/convlstm.py", line 191, in encode
    seq, (h, c) = layer(seq)
  File "/home/CL502-17/Desktop/Kunal_IDL_V1/models/convlstm.py", line 118, in forward
    h, c = self.cell(x_seq[:, t], h, c)
  File "/home/CL502-17/Desktop/Kunal_IDL_V1/models/convlstm.py", line 74, in forward
    gates = self.conv(combined)             # (B, 4*hidden, H, W)
  File "/home/CL502-17/Desktop/Kunal_IDL_V1/venv/lib/python3.10/site-packages/torch/nn/modules/conv.py", line 553, in forward
    return self._conv_forward(input, self.weight, self.bias)
  File "/home/CL502-17/Desktop/Kunal_IDL_V1/venv/lib/python3.10/site-packages/torch/nn/modules/conv.py", line 548, in _conv_forward
    return F.conv2d(

Set TORCHDYNAMO_VERBOSE=1 for the internal stack trace (please do this especially if you're reporting a bug to PyTorch). For even more developer context, set TORCH_LOGS="+dynamo"


12:25:06 INFO 
============================================================
12:25:06 INFO  ABLATION: ndvi_only
12:25:06 INFO  NDVI-only input (1 band)
12:25:06 INFO ============================================================
wandb: updating run metadata; uploading console lines 0-0
wandb: uploading wandb-metadata.json; uploading requirements.txt; uploading output.log; uploading wandb-summary.json; uploading config.yaml
wandb: uploading wandb-metadata.json; uploading wandb-summary.json
wandb: uploading summary, console lines 1-261
wandb: 🚀 View run ablation_convlstm_no_temp_loss at: https://wandb.ai/kunalajgaonkar31682-symbiosis-institute-of-technology/eco-rewind/runs/v095tl0q
wandb: ⭐️ View project at: https://wandb.ai/kunalajgaonkar31682-symbiosis-institute-of-technology/eco-rewind
wandb: Synced 5 W&B file(s), 0 media file(s), 0 artifact file(s) and 0 other file(s)
wandb: Find logs at: ./wandb/run-20260317_122505-v095tl0q/logs
12:25:13 INFO Fitting normalizer on t=0..5 (6 pre-disturbance quarters)
12:25:13 INFO         NDVI [ shift]  min=-1.0000  max=1.0000  mean=0.4973  std=0.2728
12:25:15 INFO [everglades] Sampling patches: 31×34 = 1054 candidates
12:25:16 INFO [everglades] Accepted: 1054 patches | Rejected: 0 (NaN > 85%)
12:25:27 INFO [everglades] Saved 1054 patches → processed/everglades/patches/patches.npy
  Shape: (1054, 32, 2, 128, 128)
  Size:  4.42 GB
12:25:35 INFO Fitting normalizer on t=0..22 (23 pre-disturbance quarters)
12:25:36 INFO         NDVI [ shift]  min=-1.0000  max=0.9645  mean=-0.0144  std=0.4277
12:25:37 INFO [mississippi] Sampling patches: 31×35 = 1085 candidates
12:25:38 INFO [mississippi] Accepted: 1085 patches | Rejected: 0 (NaN > 85%)
12:25:49 INFO [mississippi] Saved 1085 patches → processed/mississippi/patches/patches.npy
  Shape: (1085, 32, 2, 128, 128)
  Size:  4.55 GB
12:25:55 INFO Active ecosystems for training: ['everglades', 'mississippi']
12:25:55 INFO Window mode: all | Balanced sampling: True
12:25:55 INFO Generated 21 sliding windows (mode=all, t_input=4, t_output=4, t_event=6, T=32)
12:25:55 INFO [everglades] Dataset: 1054 patches × 21 windows = 22134 samples | C=2 H=128 W=128
12:25:55 INFO [everglades] Train: 18814 | Val: 3320 samples
12:25:55 INFO Generated 21 sliding windows (mode=all, t_input=4, t_output=4, t_event=23, T=32)
12:25:55 INFO [mississippi] Dataset: 1085 patches × 21 windows = 22785 samples | C=2 H=128 W=128
12:25:55 INFO [mississippi] Train: 19368 | Val: 3417 samples
12:25:55 INFO WeightedRandomSampler enabled: everglades=18814 | mississippi=19368
12:25:55 INFO DataLoaders built: train=38182 samples (9545 batches) | val=6737 samples (1685 batches)
12:25:55 INFO Training on: cuda
12:25:55 INFO   GPU: NVIDIA RTX A4000
12:25:55 INFO   VRAM: 16.7 GB
wandb: setting up run b0msv6sj
wandb: Tracking run with wandb version 0.25.0
wandb: Run data is saved locally in /home/CL502-17/Desktop/Kunal_IDL_V1/wandb/run-20260317_122556-b0msv6sj
wandb: Run `wandb offline` to turn off syncing.
wandb: Syncing run ablation_convlstm_ndvi_only
wandb: ⭐️ View project at https://wandb.ai/kunalajgaonkar31682-symbiosis-institute-of-technology/eco-rewind
wandb: 🚀 View run at https://wandb.ai/kunalajgaonkar31682-symbiosis-institute-of-technology/eco-rewind/runs/b0msv6sj
12:25:57 INFO W&B initialized: https://wandb.ai/kunalajgaonkar31682-symbiosis-institute-of-technology/eco-rewind/runs/b0msv6sj
12:25:57 INFO Resuming from checkpoint: outputs/checkpoints/ablation_convlstm_ndvi_only/epoch_030_val0.0075.pt
12:25:57 INFO Resumed at epoch 30, best val loss: 0.007472
12:25:57 INFO Compiling model with torch.compile() for faster training
12:25:57 INFO 
============================================================
  Training started
  Epochs:         31 → 30
  Train batches:  9545 per epoch
  Val batches:    1685 per epoch
============================================================
wandb: updating run metadata; uploading console lines 0-0
wandb: uploading console lines 0-0
wandb: uploading requirements.txt; uploading output.log; uploading wandb-summary.json; uploading config.yaml; uploading wandb-metadata.json
wandb: uploading summary, console lines 0-10
wandb: 🚀 View run ablation_convlstm_ndvi_only at: https://wandb.ai/kunalajgaonkar31682-symbiosis-institute-of-technology/eco-rewind/runs/b0msv6sj
wandb: ⭐️ View project at: https://wandb.ai/kunalajgaonkar31682-symbiosis-institute-of-technology/eco-rewind
wandb: Synced 5 W&B file(s), 0 media file(s), 0 artifact file(s) and 0 other file(s)
wandb: Find logs at: ./wandb/run-20260317_122556-b0msv6sj/logs
12:25:59 INFO Training complete. Best val loss: 0.007472
12:25:59 INFO Best checkpoint: None
12:28:23 INFO 
==================================================
12:28:23 INFO   Model Evaluation Results
12:28:23 INFO ==================================================
12:28:23 INFO   Overall RMSE: 0.866206
12:28:23 INFO 
        Band         MSE        R²
12:28:23 INFO   --------------------------------
12:28:23 INFO         NDVI    0.750312  -12.5075
12:28:23 INFO ==================================================

12:28:23 INFO 
  [ndvi_only] Results:
    best_val_loss: 0.007472
    ndvi_mse:      0.750312
    rmse_overall:  0.866206
12:28:23 INFO 
============================================================
12:28:23 INFO  ABLATION: single_eco
12:28:23 INFO  Train Everglades only → infer Mississippi
12:28:23 INFO ============================================================
12:28:23 INFO Active ecosystems for training: ['everglades', 'mississippi']
12:28:23 INFO Window mode: all | Balanced sampling: True
12:28:23 INFO Generated 21 sliding windows (mode=all, t_input=4, t_output=4, t_event=6, T=32)
12:28:23 INFO [everglades] Dataset: 1054 patches × 21 windows = 22134 samples | C=2 H=128 W=128
12:28:23 INFO [everglades] Train: 18814 | Val: 3320 samples
12:28:23 INFO Generated 21 sliding windows (mode=all, t_input=4, t_output=4, t_event=23, T=32)
12:28:23 INFO [mississippi] Dataset: 1085 patches × 21 windows = 22785 samples | C=2 H=128 W=128
12:28:23 INFO [mississippi] Train: 19368 | Val: 3417 samples
12:28:23 INFO WeightedRandomSampler enabled: everglades=18814 | mississippi=19368
12:28:23 INFO DataLoaders built: train=38182 samples (9545 batches) | val=6737 samples (1685 batches)
12:28:23 INFO Training on: cuda
12:28:23 INFO   GPU: NVIDIA RTX A4000
12:28:23 INFO   VRAM: 16.7 GB
wandb: setting up run m9w6eyky
wandb: Tracking run with wandb version 0.25.0
wandb: Run data is saved locally in /home/CL502-17/Desktop/Kunal_IDL_V1/wandb/run-20260317_122824-m9w6eyky
wandb: Run `wandb offline` to turn off syncing.
wandb: Syncing run ablation_convlstm_single_eco
wandb: ⭐️ View project at https://wandb.ai/kunalajgaonkar31682-symbiosis-institute-of-technology/eco-rewind
wandb: 🚀 View run at https://wandb.ai/kunalajgaonkar31682-symbiosis-institute-of-technology/eco-rewind/runs/m9w6eyky
12:28:25 INFO W&B initialized: https://wandb.ai/kunalajgaonkar31682-symbiosis-institute-of-technology/eco-rewind/runs/m9w6eyky
12:28:25 INFO Compiling model with torch.compile() for faster training
12:28:25 INFO 
============================================================
  Training started
  Epochs:         1 → 30
  Train batches:  9545 per epoch
  Val batches:    1685 per epoch
============================================================
12:28:25 INFO 
--- Epoch 1/30 ---
12:28:25 ERROR   [single_eco] FAILED: Dynamo failed to run FX node with fake tensors: call_function <built-in method conv2d of type object at 0x7325178d1920>(*(FakeTensor(..., device='cuda:0', size=(4, 66, 128, 128)), Parameter(FakeTensor(..., device='cuda:0', size=(256, 72, 3, 3), requires_grad=True)), Parameter(FakeTensor(..., device='cuda:0', size=(256,), requires_grad=True)), (1, 1), (1, 1), (1, 1), 1), **{}): got RuntimeError('Given groups=1, weight of size [256, 72, 3, 3], expected input[4, 66, 128, 128] to have 72 channels, but got 66 channels instead')

from user code:
   File "/home/CL502-17/Desktop/Kunal_IDL_V1/models/convlstm.py", line 233, in forward
    _, enc_states = self.encode(x)
  File "/home/CL502-17/Desktop/Kunal_IDL_V1/models/convlstm.py", line 191, in encode
    seq, (h, c) = layer(seq)
  File "/home/CL502-17/Desktop/Kunal_IDL_V1/models/convlstm.py", line 118, in forward
    h, c = self.cell(x_seq[:, t], h, c)
  File "/home/CL502-17/Desktop/Kunal_IDL_V1/models/convlstm.py", line 74, in forward
    gates = self.conv(combined)             # (B, 4*hidden, H, W)
  File "/home/CL502-17/Desktop/Kunal_IDL_V1/venv/lib/python3.10/site-packages/torch/nn/modules/conv.py", line 553, in forward
    return self._conv_forward(input, self.weight, self.bias)
  File "/home/CL502-17/Desktop/Kunal_IDL_V1/venv/lib/python3.10/site-packages/torch/nn/modules/conv.py", line 548, in _conv_forward
    return F.conv2d(

Set TORCHDYNAMO_VERBOSE=1 for the internal stack trace (please do this especially if you're reporting a bug to PyTorch). For even more developer context, set TORCH_LOGS="+dynamo"

12:28:25 ERROR Traceback (most recent call last):
  File "/home/CL502-17/Desktop/Kunal_IDL_V1/scripts/06_ablation.py", line 299, in main
    if args.experiment == "all":
  File "/home/CL502-17/Desktop/Kunal_IDL_V1/scripts/06_ablation.py", line 178, in run_experiment
    trainer.train()
  File "/home/CL502-17/Desktop/Kunal_IDL_V1/training/trainer.py", line 201, in train
    train_metrics = self._run_epoch(self.train_loader, training=True)
  File "/home/CL502-17/Desktop/Kunal_IDL_V1/training/trainer.py", line 300, in _run_epoch
    pred = self.model(inp)
  File "/home/CL502-17/Desktop/Kunal_IDL_V1/venv/lib/python3.10/site-packages/torch/_dynamo/eval_frame.py", line 465, in __call__
    return super().__call__(*args, **kwargs)
  File "/home/CL502-17/Desktop/Kunal_IDL_V1/venv/lib/python3.10/site-packages/torch/nn/modules/module.py", line 1776, in _wrapped_call_impl
    return self._call_impl(*args, **kwargs)
  File "/home/CL502-17/Desktop/Kunal_IDL_V1/venv/lib/python3.10/site-packages/torch/nn/modules/module.py", line 1787, in _call_impl
    return forward_call(*args, **kwargs)
  File "/home/CL502-17/Desktop/Kunal_IDL_V1/venv/lib/python3.10/site-packages/torch/_dynamo/eval_frame.py", line 953, in compile_wrapper
    return fn(*args, **kwargs)
  File "/home/CL502-17/Desktop/Kunal_IDL_V1/venv/lib/python3.10/site-packages/torch/nn/modules/module.py", line 1776, in _wrapped_call_impl
    return self._call_impl(*args, **kwargs)
  File "/home/CL502-17/Desktop/Kunal_IDL_V1/venv/lib/python3.10/site-packages/torch/nn/modules/module.py", line 1787, in _call_impl
    return forward_call(*args, **kwargs)
  File "/home/CL502-17/Desktop/Kunal_IDL_V1/venv/lib/python3.10/site-packages/torch/_dynamo/convert_frame.py", line 2202, in __call__
    result = self._torchdynamo_orig_backend(
  File "/home/CL502-17/Desktop/Kunal_IDL_V1/venv/lib/python3.10/site-packages/torch/_dynamo/convert_frame.py", line 1945, in __call__
    result = self._inner_convert(
  File "/home/CL502-17/Desktop/Kunal_IDL_V1/venv/lib/python3.10/site-packages/torch/_dynamo/convert_frame.py", line 707, in __call__
    result = _compile(
  File "/home/CL502-17/Desktop/Kunal_IDL_V1/venv/lib/python3.10/site-packages/torch/_dynamo/convert_frame.py", line 1752, in _compile
    guarded_code, tracer_output = compile_inner(code, one_graph, hooks)
  File "/home/CL502-17/Desktop/Kunal_IDL_V1/venv/lib/python3.10/site-packages/torch/_utils_internal.py", line 97, in wrapper_function
    return function(*args, **kwargs)
  File "/home/CL502-17/Desktop/Kunal_IDL_V1/venv/lib/python3.10/site-packages/torch/_dynamo/convert_frame.py", line 1433, in compile_inner
    return _compile_inner(code, one_graph, hooks)
  File "/home/CL502-17/Desktop/Kunal_IDL_V1/venv/lib/python3.10/site-packages/torch/_dynamo/convert_frame.py", line 1467, in _compile_inner
    dynamo_output = compile_frame(
  File "/home/CL502-17/Desktop/Kunal_IDL_V1/venv/lib/python3.10/site-packages/torch/_dynamo/convert_frame.py", line 1341, in compile_frame
    bytecode, tracer_output = transform_code_object(code, transform)
  File "/home/CL502-17/Desktop/Kunal_IDL_V1/venv/lib/python3.10/site-packages/torch/_dynamo/bytecode_transformation.py", line 1600, in transform_code_object
    tracer_output = transformations(instructions, code_options)
  File "/home/CL502-17/Desktop/Kunal_IDL_V1/venv/lib/python3.10/site-packages/torch/_dynamo/convert_frame.py", line 1313, in transform
    tracer_output = trace_frame(
  File "/home/CL502-17/Desktop/Kunal_IDL_V1/venv/lib/python3.10/site-packages/torch/_dynamo/convert_frame.py", line 328, in _fn
    return fn(*args, **kwargs)
  File "/home/CL502-17/Desktop/Kunal_IDL_V1/venv/lib/python3.10/site-packages/torch/_dynamo/convert_frame.py", line 838, in trace_frame
    run_tracer()
  File "/home/CL502-17/Desktop/Kunal_IDL_V1/venv/lib/python3.10/site-packages/torch/_dynamo/convert_frame.py", line 819, in run_tracer
    tracer.run()
  File "/home/CL502-17/Desktop/Kunal_IDL_V1/venv/lib/python3.10/site-packages/torch/_dynamo/symbolic_convert.py", line 1654, in run
    while self.step():
  File "/home/CL502-17/Desktop/Kunal_IDL_V1/venv/lib/python3.10/site-packages/torch/_dynamo/symbolic_convert.py", line 1334, in step
    self.dispatch_table[inst.opcode](self, inst)
  File "/home/CL502-17/Desktop/Kunal_IDL_V1/venv/lib/python3.10/site-packages/torch/_dynamo/symbolic_convert.py", line 866, in wrapper
    return inner_fn(self, inst)
  File "/home/CL502-17/Desktop/Kunal_IDL_V1/venv/lib/python3.10/site-packages/torch/_dynamo/symbolic_convert.py", line 2514, in CALL_FUNCTION
    self.call_function(fn, args, {})
  File "/home/CL502-17/Desktop/Kunal_IDL_V1/venv/lib/python3.10/site-packages/torch/_dynamo/symbolic_convert.py", line 1240, in call_function
    self.push(fn.call_function(self, args, kwargs))  # type: ignore[arg-type]
  File "/home/CL502-17/Desktop/Kunal_IDL_V1/venv/lib/python3.10/site-packages/torch/_dynamo/variables/functions.py", line 1450, in call_function
    return super().call_function(tx, args, kwargs)
  File "/home/CL502-17/Desktop/Kunal_IDL_V1/venv/lib/python3.10/site-packages/torch/_dynamo/variables/functions.py", line 685, in call_function
    return super().call_function(tx, args, kwargs)
  File "/home/CL502-17/Desktop/Kunal_IDL_V1/venv/lib/python3.10/site-packages/torch/_dynamo/variables/functions.py", line 401, in call_function
    return tx.inline_user_function_return(self, [*self.self_args(), *args], kwargs)  # type: ignore[attr-defined]
  File "/home/CL502-17/Desktop/Kunal_IDL_V1/venv/lib/python3.10/site-packages/torch/_dynamo/symbolic_convert.py", line 1262, in inline_user_function_return
    return InliningInstructionTranslator.inline_call(self, fn, args, kwargs)
  File "/home/CL502-17/Desktop/Kunal_IDL_V1/venv/lib/python3.10/site-packages/torch/_dynamo/symbolic_convert.py", line 4718, in inline_call
    return tracer.inline_call_()
  File "/home/CL502-17/Desktop/Kunal_IDL_V1/venv/lib/python3.10/site-packages/torch/_dynamo/symbolic_convert.py", line 4935, in inline_call_
    self.run()
  File "/home/CL502-17/Desktop/Kunal_IDL_V1/venv/lib/python3.10/site-packages/torch/_dynamo/symbolic_convert.py", line 1654, in run
    while self.step():
  File "/home/CL502-17/Desktop/Kunal_IDL_V1/venv/lib/python3.10/site-packages/torch/_dynamo/symbolic_convert.py", line 1334, in step
    self.dispatch_table[inst.opcode](self, inst)
  File "/home/CL502-17/Desktop/Kunal_IDL_V1/venv/lib/python3.10/site-packages/torch/_dynamo/symbolic_convert.py", line 866, in wrapper
    return inner_fn(self, inst)
  File "/home/CL502-17/Desktop/Kunal_IDL_V1/venv/lib/python3.10/site-packages/torch/_dynamo/symbolic_convert.py", line 2514, in CALL_FUNCTION
    self.call_function(fn, args, {})
  File "/home/CL502-17/Desktop/Kunal_IDL_V1/venv/lib/python3.10/site-packages/torch/_dynamo/symbolic_convert.py", line 1240, in call_function
    self.push(fn.call_function(self, args, kwargs))  # type: ignore[arg-type]
  File "/home/CL502-17/Desktop/Kunal_IDL_V1/venv/lib/python3.10/site-packages/torch/_dynamo/variables/lazy.py", line 229, in realize_and_forward
    return getattr(self.realize(), name)(*args, **kwargs)
  File "/home/CL502-17/Desktop/Kunal_IDL_V1/venv/lib/python3.10/site-packages/torch/_dynamo/variables/nn_module.py", line 1147, in call_function
    return variables.UserFunctionVariable(fn, source=source).call_function(
  File "/home/CL502-17/Desktop/Kunal_IDL_V1/venv/lib/python3.10/site-packages/torch/_dynamo/variables/functions.py", line 685, in call_function
    return super().call_function(tx, args, kwargs)
  File "/home/CL502-17/Desktop/Kunal_IDL_V1/venv/lib/python3.10/site-packages/torch/_dynamo/variables/functions.py", line 401, in call_function
    return tx.inline_user_function_return(self, [*self.self_args(), *args], kwargs)  # type: ignore[attr-defined]
  File "/home/CL502-17/Desktop/Kunal_IDL_V1/venv/lib/python3.10/site-packages/torch/_dynamo/symbolic_convert.py", line 1262, in inline_user_function_return
    return InliningInstructionTranslator.inline_call(self, fn, args, kwargs)
  File "/home/CL502-17/Desktop/Kunal_IDL_V1/venv/lib/python3.10/site-packages/torch/_dynamo/symbolic_convert.py", line 4718, in inline_call
    return tracer.inline_call_()
  File "/home/CL502-17/Desktop/Kunal_IDL_V1/venv/lib/python3.10/site-packages/torch/_dynamo/symbolic_convert.py", line 4935, in inline_call_
    self.run()
  File "/home/CL502-17/Desktop/Kunal_IDL_V1/venv/lib/python3.10/site-packages/torch/_dynamo/symbolic_convert.py", line 1654, in run
    while self.step():
  File "/home/CL502-17/Desktop/Kunal_IDL_V1/venv/lib/python3.10/site-packages/torch/_dynamo/symbolic_convert.py", line 1334, in step
    self.dispatch_table[inst.opcode](self, inst)
  File "/home/CL502-17/Desktop/Kunal_IDL_V1/venv/lib/python3.10/site-packages/torch/_dynamo/symbolic_convert.py", line 866, in wrapper
    return inner_fn(self, inst)
  File "/home/CL502-17/Desktop/Kunal_IDL_V1/venv/lib/python3.10/site-packages/torch/_dynamo/symbolic_convert.py", line 2514, in CALL_FUNCTION
    self.call_function(fn, args, {})
  File "/home/CL502-17/Desktop/Kunal_IDL_V1/venv/lib/python3.10/site-packages/torch/_dynamo/symbolic_convert.py", line 1240, in call_function
    self.push(fn.call_function(self, args, kwargs))  # type: ignore[arg-type]
  File "/home/CL502-17/Desktop/Kunal_IDL_V1/venv/lib/python3.10/site-packages/torch/_dynamo/variables/lazy.py", line 229, in realize_and_forward
    return getattr(self.realize(), name)(*args, **kwargs)
  File "/home/CL502-17/Desktop/Kunal_IDL_V1/venv/lib/python3.10/site-packages/torch/_dynamo/variables/nn_module.py", line 1147, in call_function
    return variables.UserFunctionVariable(fn, source=source).call_function(
  File "/home/CL502-17/Desktop/Kunal_IDL_V1/venv/lib/python3.10/site-packages/torch/_dynamo/variables/functions.py", line 685, in call_function
    return super().call_function(tx, args, kwargs)
  File "/home/CL502-17/Desktop/Kunal_IDL_V1/venv/lib/python3.10/site-packages/torch/_dynamo/variables/functions.py", line 401, in call_function
    return tx.inline_user_function_return(self, [*self.self_args(), *args], kwargs)  # type: ignore[attr-defined]
  File "/home/CL502-17/Desktop/Kunal_IDL_V1/venv/lib/python3.10/site-packages/torch/_dynamo/symbolic_convert.py", line 1262, in inline_user_function_return
    return InliningInstructionTranslator.inline_call(self, fn, args, kwargs)
  File "/home/CL502-17/Desktop/Kunal_IDL_V1/venv/lib/python3.10/site-packages/torch/_dynamo/symbolic_convert.py", line 4718, in inline_call
    return tracer.inline_call_()
  File "/home/CL502-17/Desktop/Kunal_IDL_V1/venv/lib/python3.10/site-packages/torch/_dynamo/symbolic_convert.py", line 4935, in inline_call_
    self.run()
  File "/home/CL502-17/Desktop/Kunal_IDL_V1/venv/lib/python3.10/site-packages/torch/_dynamo/symbolic_convert.py", line 1654, in run
    while self.step():
  File "/home/CL502-17/Desktop/Kunal_IDL_V1/venv/lib/python3.10/site-packages/torch/_dynamo/symbolic_convert.py", line 1334, in step
    self.dispatch_table[inst.opcode](self, inst)
  File "/home/CL502-17/Desktop/Kunal_IDL_V1/venv/lib/python3.10/site-packages/torch/_dynamo/symbolic_convert.py", line 866, in wrapper
    return inner_fn(self, inst)
  File "/home/CL502-17/Desktop/Kunal_IDL_V1/venv/lib/python3.10/site-packages/torch/_dynamo/symbolic_convert.py", line 2514, in CALL_FUNCTION
    self.call_function(fn, args, {})
  File "/home/CL502-17/Desktop/Kunal_IDL_V1/venv/lib/python3.10/site-packages/torch/_dynamo/symbolic_convert.py", line 1240, in call_function
    self.push(fn.call_function(self, args, kwargs))  # type: ignore[arg-type]
  File "/home/CL502-17/Desktop/Kunal_IDL_V1/venv/lib/python3.10/site-packages/torch/_dynamo/variables/lazy.py", line 229, in realize_and_forward
    return getattr(self.realize(), name)(*args, **kwargs)
  File "/home/CL502-17/Desktop/Kunal_IDL_V1/venv/lib/python3.10/site-packages/torch/_dynamo/variables/nn_module.py", line 1147, in call_function
    return variables.UserFunctionVariable(fn, source=source).call_function(
  File "/home/CL502-17/Desktop/Kunal_IDL_V1/venv/lib/python3.10/site-packages/torch/_dynamo/variables/functions.py", line 685, in call_function
    return super().call_function(tx, args, kwargs)
  File "/home/CL502-17/Desktop/Kunal_IDL_V1/venv/lib/python3.10/site-packages/torch/_dynamo/variables/functions.py", line 401, in call_function
    return tx.inline_user_function_return(self, [*self.self_args(), *args], kwargs)  # type: ignore[attr-defined]
  File "/home/CL502-17/Desktop/Kunal_IDL_V1/venv/lib/python3.10/site-packages/torch/_dynamo/symbolic_convert.py", line 1262, in inline_user_function_return
    return InliningInstructionTranslator.inline_call(self, fn, args, kwargs)
  File "/home/CL502-17/Desktop/Kunal_IDL_V1/venv/lib/python3.10/site-packages/torch/_dynamo/symbolic_convert.py", line 4718, in inline_call
    return tracer.inline_call_()
  File "/home/CL502-17/Desktop/Kunal_IDL_V1/venv/lib/python3.10/site-packages/torch/_dynamo/symbolic_convert.py", line 4935, in inline_call_
    self.run()
  File "/home/CL502-17/Desktop/Kunal_IDL_V1/venv/lib/python3.10/site-packages/torch/_dynamo/symbolic_convert.py", line 1654, in run
    while self.step():
  File "/home/CL502-17/Desktop/Kunal_IDL_V1/venv/lib/python3.10/site-packages/torch/_dynamo/symbolic_convert.py", line 1334, in step
    self.dispatch_table[inst.opcode](self, inst)
  File "/home/CL502-17/Desktop/Kunal_IDL_V1/venv/lib/python3.10/site-packages/torch/_dynamo/symbolic_convert.py", line 866, in wrapper
    return inner_fn(self, inst)
  File "/home/CL502-17/Desktop/Kunal_IDL_V1/venv/lib/python3.10/site-packages/torch/_dynamo/symbolic_convert.py", line 2514, in CALL_FUNCTION
    self.call_function(fn, args, {})
  File "/home/CL502-17/Desktop/Kunal_IDL_V1/venv/lib/python3.10/site-packages/torch/_dynamo/symbolic_convert.py", line 1240, in call_function
    self.push(fn.call_function(self, args, kwargs))  # type: ignore[arg-type]
  File "/home/CL502-17/Desktop/Kunal_IDL_V1/venv/lib/python3.10/site-packages/torch/_dynamo/variables/functions.py", line 1450, in call_function
    return super().call_function(tx, args, kwargs)
  File "/home/CL502-17/Desktop/Kunal_IDL_V1/venv/lib/python3.10/site-packages/torch/_dynamo/variables/functions.py", line 685, in call_function
    return super().call_function(tx, args, kwargs)
  File "/home/CL502-17/Desktop/Kunal_IDL_V1/venv/lib/python3.10/site-packages/torch/_dynamo/variables/functions.py", line 401, in call_function
    return tx.inline_user_function_return(self, [*self.self_args(), *args], kwargs)  # type: ignore[attr-defined]
  File "/home/CL502-17/Desktop/Kunal_IDL_V1/venv/lib/python3.10/site-packages/torch/_dynamo/symbolic_convert.py", line 1262, in inline_user_function_return
    return InliningInstructionTranslator.inline_call(self, fn, args, kwargs)
  File "/home/CL502-17/Desktop/Kunal_IDL_V1/venv/lib/python3.10/site-packages/torch/_dynamo/symbolic_convert.py", line 4718, in inline_call
    return tracer.inline_call_()
  File "/home/CL502-17/Desktop/Kunal_IDL_V1/venv/lib/python3.10/site-packages/torch/_dynamo/symbolic_convert.py", line 4935, in inline_call_
    self.run()
  File "/home/CL502-17/Desktop/Kunal_IDL_V1/venv/lib/python3.10/site-packages/torch/_dynamo/symbolic_convert.py", line 1654, in run
    while self.step():
  File "/home/CL502-17/Desktop/Kunal_IDL_V1/venv/lib/python3.10/site-packages/torch/_dynamo/symbolic_convert.py", line 1334, in step
    self.dispatch_table[inst.opcode](self, inst)
  File "/home/CL502-17/Desktop/Kunal_IDL_V1/venv/lib/python3.10/site-packages/torch/_dynamo/symbolic_convert.py", line 866, in wrapper
    return inner_fn(self, inst)
  File "/home/CL502-17/Desktop/Kunal_IDL_V1/venv/lib/python3.10/site-packages/torch/_dynamo/symbolic_convert.py", line 2514, in CALL_FUNCTION
    self.call_function(fn, args, {})
  File "/home/CL502-17/Desktop/Kunal_IDL_V1/venv/lib/python3.10/site-packages/torch/_dynamo/symbolic_convert.py", line 1240, in call_function
    self.push(fn.call_function(self, args, kwargs))  # type: ignore[arg-type]
  File "/home/CL502-17/Desktop/Kunal_IDL_V1/venv/lib/python3.10/site-packages/torch/_dynamo/variables/lazy.py", line 229, in realize_and_forward
    return getattr(self.realize(), name)(*args, **kwargs)
  File "/home/CL502-17/Desktop/Kunal_IDL_V1/venv/lib/python3.10/site-packages/torch/_dynamo/variables/torch.py", line 1596, in call_function
    tensor_variable = wrap_fx_proxy(
  File "/home/CL502-17/Desktop/Kunal_IDL_V1/venv/lib/python3.10/site-packages/torch/_dynamo/variables/builder.py", line 2795, in wrap_fx_proxy
    return wrap_fx_proxy_cls(target_cls=TensorVariable, **kwargs)
  File "/home/CL502-17/Desktop/Kunal_IDL_V1/venv/lib/python3.10/site-packages/torch/_dynamo/variables/builder.py", line 2861, in wrap_fx_proxy_cls
    out = _wrap_fx_proxy(
  File "/home/CL502-17/Desktop/Kunal_IDL_V1/venv/lib/python3.10/site-packages/torch/_dynamo/variables/builder.py", line 2972, in _wrap_fx_proxy
    example_value = get_fake_value(proxy.node, tx, allow_non_graph_fake=True)
  File "/home/CL502-17/Desktop/Kunal_IDL_V1/venv/lib/python3.10/site-packages/torch/_dynamo/utils.py", line 3626, in get_fake_value
    raise TorchRuntimeError(msg).with_traceback(e.__traceback__) from None
  File "/home/CL502-17/Desktop/Kunal_IDL_V1/venv/lib/python3.10/site-packages/torch/_dynamo/utils.py", line 3524, in get_fake_value
    ret_val = wrap_fake_exception(
  File "/home/CL502-17/Desktop/Kunal_IDL_V1/venv/lib/python3.10/site-packages/torch/_dynamo/utils.py", line 2966, in wrap_fake_exception
    return fn()
  File "/home/CL502-17/Desktop/Kunal_IDL_V1/venv/lib/python3.10/site-packages/torch/_dynamo/utils.py", line 3525, in <lambda>
    lambda: run_node(tx.output, node, args, kwargs, nnmodule)
  File "/home/CL502-17/Desktop/Kunal_IDL_V1/venv/lib/python3.10/site-packages/torch/_dynamo/utils.py", line 3735, in run_node
    raise RuntimeError(make_error_message(e)).with_traceback(
  File "/home/CL502-17/Desktop/Kunal_IDL_V1/venv/lib/python3.10/site-packages/torch/_dynamo/utils.py", line 3694, in run_node
    return node.target(*args, **kwargs)  # type: ignore[operator]
  File "/home/CL502-17/Desktop/Kunal_IDL_V1/venv/lib/python3.10/site-packages/torch/utils/_stats.py", line 29, in wrapper
    return fn(*args, **kwargs)
  File "/home/CL502-17/Desktop/Kunal_IDL_V1/venv/lib/python3.10/site-packages/torch/_subclasses/fake_tensor.py", line 1397, in __torch_dispatch__
    return self.dispatch(func, types, args, kwargs)
  File "/home/CL502-17/Desktop/Kunal_IDL_V1/venv/lib/python3.10/site-packages/torch/_subclasses/fake_tensor.py", line 2155, in dispatch
    return self._cached_dispatch_impl(func, types, args, kwargs)
  File "/home/CL502-17/Desktop/Kunal_IDL_V1/venv/lib/python3.10/site-packages/torch/_subclasses/fake_tensor.py", line 1544, in _cached_dispatch_impl
    output = self._dispatch_impl(func, types, args, kwargs)
  File "/home/CL502-17/Desktop/Kunal_IDL_V1/venv/lib/python3.10/site-packages/torch/_subclasses/fake_tensor.py", line 2793, in _dispatch_impl
    op_impl_out = op_impl(self, func, *args, **kwargs)
  File "/home/CL502-17/Desktop/Kunal_IDL_V1/venv/lib/python3.10/site-packages/torch/_subclasses/fake_impls.py", line 180, in dispatch_to_op_implementations_dict
    return op_implementations_dict[func](fake_mode, func, *args, **kwargs)
  File "/home/CL502-17/Desktop/Kunal_IDL_V1/venv/lib/python3.10/site-packages/torch/_subclasses/fake_impls.py", line 1135, in conv
    conv_backend = torch._C._select_conv_backend(**kwargs)
torch._dynamo.exc.TorchRuntimeError: Dynamo failed to run FX node with fake tensors: call_function <built-in method conv2d of type object at 0x7325178d1920>(*(FakeTensor(..., device='cuda:0', size=(4, 66, 128, 128)), Parameter(FakeTensor(..., device='cuda:0', size=(256, 72, 3, 3), requires_grad=True)), Parameter(FakeTensor(..., device='cuda:0', size=(256,), requires_grad=True)), (1, 1), (1, 1), (1, 1), 1), **{}): got RuntimeError('Given groups=1, weight of size [256, 72, 3, 3], expected input[4, 66, 128, 128] to have 72 channels, but got 66 channels instead')

from user code:
   File "/home/CL502-17/Desktop/Kunal_IDL_V1/models/convlstm.py", line 233, in forward
    _, enc_states = self.encode(x)
  File "/home/CL502-17/Desktop/Kunal_IDL_V1/models/convlstm.py", line 191, in encode
    seq, (h, c) = layer(seq)
  File "/home/CL502-17/Desktop/Kunal_IDL_V1/models/convlstm.py", line 118, in forward
    h, c = self.cell(x_seq[:, t], h, c)
  File "/home/CL502-17/Desktop/Kunal_IDL_V1/models/convlstm.py", line 74, in forward
    gates = self.conv(combined)             # (B, 4*hidden, H, W)
  File "/home/CL502-17/Desktop/Kunal_IDL_V1/venv/lib/python3.10/site-packages/torch/nn/modules/conv.py", line 553, in forward
    return self._conv_forward(input, self.weight, self.bias)
  File "/home/CL502-17/Desktop/Kunal_IDL_V1/venv/lib/python3.10/site-packages/torch/nn/modules/conv.py", line 548, in _conv_forward
    return F.conv2d(

Set TORCHDYNAMO_VERBOSE=1 for the internal stack trace (please do this especially if you're reporting a bug to PyTorch). For even more developer context, set TORCH_LOGS="+dynamo"


12:28:25 INFO 
Ablation results → outputs/metrics/ablation_convlstm_results.json
12:28:26 INFO Saved ablation plot: outputs/maps/ablation_comparison.png
12:28:26 INFO 
======================================================================
12:28:26 INFO  ABLATION SUMMARY
12:28:26 INFO ======================================================================
12:28:26 INFO             Experiment    Val Loss    NDVI MSE  Description
12:28:26 INFO   -----------------------------------------------------------------
12:28:26 INFO                   full         nan         nan  Full model: S2 + SAR + all losses
12:28:26 INFO                 no_sar    0.001842    0.192845  w/o SAR_VV band (6 bands only)
12:28:26 INFO            no_eco_loss         nan         nan  w/o L_ecological constraint
12:28:26 INFO           no_temp_loss         nan         nan  w/o L_temporal_smooth
12:28:26 INFO              ndvi_only    0.007472    0.750312  NDVI-only input (1 band)
12:28:26 INFO             single_eco         nan         nan  Train Everglades only → infer Missi
12:28:26 INFO ======================================================================
[1;34mwandb[0m: 
[1;34mwandb[0m: 🚀 View run [33mablation_convlstm_single_eco[0m at: [34mhttps://wandb.ai/kunalajgaonkar31682-symbiosis-institute-of-technology/eco-rewind/runs/m9w6eyky[0m
[1;34mwandb[0m: Find logs at: [1;35mwandb/run-20260317_122824-m9w6eyky/logs[0m
